[0/2] Re-checking globbed directories...
[1/123] Building CXX object engine\jobs\CMakeFiles\crd-jobs.dir\src\fiber_init.cpp.obj
[2/123] Building CXX object engine\jobs\CMakeFiles\crd-jobs.dir\src\counter.cpp.obj
FAILED: engine/jobs/CMakeFiles/crd-jobs.dir/src/counter.cpp.obj 
"C:\Program Files\CMake\bin\cmake.exe" -E __run_co_compile --tidy="C:/Program Files/LLVM/bin/clang-tidy.exe;--extra-arg-before=--driver-mode=cl" --source=D:\Dev\cerid\engine\jobs\src\counter.cpp -- C:\PROGRA~1\MICROS~1\18\COMMUN~1\VC\Tools\MSVC\1450~1.357\bin\Hostx64\x64\cl.exe  /nologo /TP  -ID:\Dev\cerid\engine\jobs\include -ID:\Dev\cerid\engine\core\include -ID:\Dev\cerid\build\win-tidy\engine\core\include /DWIN32 /D_WINDOWS /EHsc /Ob0 /Od /RTC1 -std:c++20 -MDd -Zi /W4 /WX /permissive- /Zc:__cplusplus /utf-8 /EHsc /Zc:preprocessor /YuD:/Dev/cerid/build/win-tidy/engine/jobs/CMakeFiles/crd-jobs.dir/cmake_pch.hxx /FpD:/Dev/cerid/build/win-tidy/engine/jobs/CMakeFiles/crd-jobs.dir/.//cmake_pch.cxx.pch /FID:/Dev/cerid/build/win-tidy/engine/jobs/CMakeFiles/crd-jobs.dir/cmake_pch.hxx /showIncludes /Foengine\jobs\CMakeFiles\crd-jobs.dir\src\counter.cpp.obj /Fdengine\jobs\CMakeFiles\crd-jobs.dir\crd-jobs.pdb /FS -c D:\Dev\cerid\engine\jobs\src\counter.cpp
D:\Dev\cerid\engine\jobs\src\counter.cpp:70:22: error: no member named 'memory_order_acq_reL' in namespace 'std'; did you mean 'memory_order_acq_rel'? [clang-diagnostic-error]
   70 |                 std::memory_order_acq_reL, std::memory_order_acquire))
      |                      ^~~~~~~~~~~~~~~~~~~~
      |                      memory_order_acq_rel
C:\Program Files\Microsoft Visual Studio\18\Community\VC\Tools\MSVC\14.50.35717\include\xatomic.h:92:43: note: 'memory_order_acq_rel' declared here
   92 | _EXPORT_STD inline constexpr memory_order memory_order_acq_rel = memory_order::acq_rel;
      |                                           ^
D:\Dev\cerid\engine\jobs\src\counter.cpp:142:20: warning: invalid case style for constant 'old_vaL' [readability-identifier-naming]
  142 |     const crd::u32 old_vaL = counter->value.fetch_sub(amount, std::memory_order_acq_reL);
      |                    ^~~~~~~
      |                    old_va_l
  143 |     const crd::u32 new_vaL = old_vaL - amount;
      |                              ~~~~~~~
      |                              old_va_l
D:\Dev\cerid\engine\jobs\src\counter.cpp:142:68: error: no member named 'memory_order_acq_reL' in namespace 'std'; did you mean 'memory_order_acq_rel'? [clang-diagnostic-error]
  142 |     const crd::u32 old_vaL = counter->value.fetch_sub(amount, std::memory_order_acq_reL);
      |                                                                    ^~~~~~~~~~~~~~~~~~~~
      |                                                                    memory_order_acq_rel
C:\Program Files\Microsoft Visual Studio\18\Community\VC\Tools\MSVC\14.50.35717\include\xatomic.h:92:43: note: 'memory_order_acq_rel' declared here
   92 | _EXPORT_STD inline constexpr memory_order memory_order_acq_rel = memory_order::acq_rel;
      |                                           ^
D:\Dev\cerid\engine\jobs\src\counter.cpp:143:20: warning: invalid case style for constant 'new_vaL' [readability-identifier-naming]
  143 |     const crd::u32 new_vaL = old_vaL - amount;
      |                    ^~~~~~~
      |                    new_va_l
D:\Dev\cerid\engine\jobs\src\counter.cpp:146:60: error: no member named 'memory_order_acq_reL' in namespace 'std'; did you mean 'memory_order_acq_rel'? [clang-diagnostic-error]
  146 |     Waiter* list = counter->waiters.exchange(nullptr, std::memory_order_acq_reL);
      |                                                            ^~~~~~~~~~~~~~~~~~~~
      |                                                            memory_order_acq_rel
C:\Program Files\Microsoft Visual Studio\18\Community\VC\Tools\MSVC\14.50.35717\include\xatomic.h:92:43: note: 'memory_order_acq_rel' declared here
   92 | _EXPORT_STD inline constexpr memory_order memory_order_acq_rel = memory_order::acq_rel;
      |                                           ^
4645 warnings and 3 errors generated.
Error while processing D:\Dev\cerid\engine\jobs\src\counter.cpp.
Suppressed 4643 warnings (4643 in non-user code).
Use -header-filter=.* or leave it as default to display errors from all non-system headers. Use -system-headers to display errors from system headers as well.
Found compiler error(s).
[3/123] Building CXX object engine\jobs\CMakeFiles\crd-jobs.dir\src\scheduler.cpp.obj
FAILED: engine/jobs/CMakeFiles/crd-jobs.dir/src/scheduler.cpp.obj 
"C:\Program Files\CMake\bin\cmake.exe" -E __run_co_compile --tidy="C:/Program Files/LLVM/bin/clang-tidy.exe;--extra-arg-before=--driver-mode=cl" --source=D:\Dev\cerid\engine\jobs\src\scheduler.cpp -- C:\PROGRA~1\MICROS~1\18\COMMUN~1\VC\Tools\MSVC\1450~1.357\bin\Hostx64\x64\cl.exe  /nologo /TP  -ID:\Dev\cerid\engine\jobs\include -ID:\Dev\cerid\engine\core\include -ID:\Dev\cerid\build\win-tidy\engine\core\include /DWIN32 /D_WINDOWS /EHsc /Ob0 /Od /RTC1 -std:c++20 -MDd -Zi /W4 /WX /permissive- /Zc:__cplusplus /utf-8 /EHsc /Zc:preprocessor /YuD:/Dev/cerid/build/win-tidy/engine/jobs/CMakeFiles/crd-jobs.dir/cmake_pch.hxx /FpD:/Dev/cerid/build/win-tidy/engine/jobs/CMakeFiles/crd-jobs.dir/.//cmake_pch.cxx.pch /FID:/Dev/cerid/build/win-tidy/engine/jobs/CMakeFiles/crd-jobs.dir/cmake_pch.hxx /showIncludes /Foengine\jobs\CMakeFiles\crd-jobs.dir\src\scheduler.cpp.obj /Fdengine\jobs\CMakeFiles\crd-jobs.dir\crd-jobs.pdb /FS -c D:\Dev\cerid\engine\jobs\src\scheduler.cpp
error: too many errors emitted, stopping now [clang-diagnostic-error]
D:\Dev\cerid\engine\jobs\src\scheduler.cpp:87:5: warning: switch has 3 consecutive identical branches [bugprone-branch-clone]
   87 |     case crd::jobs::Priority::High:
      |     ^
D:\Dev\cerid\engine\jobs\src\scheduler.cpp:95:14: note: last of these clones ends here
   95 |         break;
      |              ^
D:\Dev\cerid\engine\jobs\src\scheduler.cpp:108:17: error: out-of-line definition of 'push_locaL' does not match any declaration in 'crd::jobs::detail::Scheduler'; did you mean 'push_local'? [clang-diagnostic-error]
  108 | void Scheduler::push_locaL(crd::u32 thread_index, const crd::jobs::JobDecL& job)
      |                 ^~~~~~~~~~
      |                 push_local
D:\Dev\cerid\engine\jobs\src\scheduler.hpp:124:10: note: 'push_local' declared here
  124 |     void push_local(crd::u32 thread_index, const crd::jobs::JobDecl& job);
      |          ^
D:\Dev\cerid\engine\jobs\src\scheduler.cpp:119:47: error: no member named 'normaL' in 'crd::jobs::detail::ThreadState' [clang-diagnostic-error]
  119 |     case crd::jobs::Priority::NormaL: ok = ts.normaL.push(job); break;
      |                                            ~~ ^
D:\Dev\cerid\engine\jobs\src\scheduler.cpp:177:27: error: no member named 'normaL' in 'crd::jobs::detail::ThreadState' [clang-diagnostic-error]
  177 |         if (auto opt = me.normaL.pop())       { run_job(*opt); return true; }
      |                        ~~ ^
D:\Dev\cerid\engine\jobs\src\scheduler.cpp:181:51: error: no member named 'normaL' in 'crd::jobs::detail::ThreadState' [clang-diagnostic-error]
  181 |             if (auto opt = m_thread_states[peer]->normaL.steaL()) // NOLINT(cppcoreguidelines-pro-bounds-pointer-arithmetic)
      |                            ~~~~~~~~~~~~~~~~~~~~~~~^
D:\Dev\cerid\engine\jobs\src\scheduler.hpp:49:34: error: no member named 'JobDecl' in namespace 'crd::jobs' [clang-diagnostic-error]
   49 |     WorkStealingDeque<crd::jobs::JobDecl> high;
      |                                  ^~~~~~~
D:\Dev\cerid\engine\jobs\src\scheduler.hpp:50:34: error: no member named 'JobDecl' in namespace 'crd::jobs' [clang-diagnostic-error]
   50 |     WorkStealingDeque<crd::jobs::JobDecl> normal;
      |                                  ^~~~~~~
D:\Dev\cerid\engine\jobs\src\scheduler.hpp:51:34: error: no member named 'JobDecl' in namespace 'crd::jobs' [clang-diagnostic-error]
   51 |     WorkStealingDeque<crd::jobs::JobDecl> low;
      |                                  ^~~~~~~
D:\Dev\cerid\engine\jobs\src\scheduler.hpp:69:16: error: no type named 'JobDecl' in namespace 'crd::jobs'; did you mean 'JobDecL'? [clang-diagnostic-error]
   69 |     crd::jobs::JobDecl             pinned_storage{};
      |     ~~~~~~~~~~~^~~~~~~
      |                JobDecL
D:\Dev\cerid\engine\jobs\include\crd/jobs/job_decl.hpp:41:20: note: 'JobDecL' declared here
   41 | struct alignas(64) JobDecL
      |                    ^
D:\Dev\cerid\engine\jobs\src\scheduler.hpp:119:32: error: no type named 'JobDecl' in namespace 'crd::jobs'; did you mean 'JobDecL'? [clang-diagnostic-error]
  119 |     void push(const crd::jobs::JobDecl& job);
      |                     ~~~~~~~~~~~^~~~~~~
      |                                JobDecL
D:\Dev\cerid\engine\jobs\include\crd/jobs/job_decl.hpp:41:20: note: 'JobDecL' declared here
   41 | struct alignas(64) JobDecL
      |                    ^
D:\Dev\cerid\engine\jobs\src\scheduler.hpp:124:61: error: no type named 'JobDecl' in namespace 'crd::jobs'; did you mean 'JobDecL'? [clang-diagnostic-error]
  124 |     void push_local(crd::u32 thread_index, const crd::jobs::JobDecl& job);
      |                                                  ~~~~~~~~~~~^~~~~~~
      |                                                             JobDecL
D:\Dev\cerid\engine\jobs\include\crd/jobs/job_decl.hpp:41:20: note: 'JobDecL' declared here
   41 | struct alignas(64) JobDecL
      |                    ^
D:\Dev\cerid\engine\jobs\src\scheduler.hpp:134:44: error: no member named 'JobDecl' in namespace 'crd::jobs' [clang-diagnostic-error]
  134 |     [[nodiscard]] std::optional<crd::jobs::JobDecl> try_pop(crd::u32 thread_index);
      |                                            ^~~~~~~
D:\Dev\cerid\engine\jobs\src\scheduler.hpp:148:42: error: no type named 'JobDecl' in namespace 'crd::jobs'; did you mean 'JobDecL'? [clang-diagnostic-error]
  148 |     static void run_job(const crd::jobs::JobDecl& job);
      |                               ~~~~~~~~~~~^~~~~~~
      |                                          JobDecL
D:\Dev\cerid\engine\jobs\include\crd/jobs/job_decl.hpp:41:20: note: 'JobDecL' declared here
   41 | struct alignas(64) JobDecL
      |                    ^
D:\Dev\cerid\engine\jobs\src\scheduler.hpp:151:42: error: no member named 'JobDecl' in namespace 'crd::jobs' [clang-diagnostic-error]
  151 |     std::unique_ptr<MpmcQueue<crd::jobs::JobDecl>> m_high_injection;
      |                                          ^~~~~~~
D:\Dev\cerid\engine\jobs\src\scheduler.hpp:152:42: error: no member named 'JobDecl' in namespace 'crd::jobs' [clang-diagnostic-error]
  152 |     std::unique_ptr<MpmcQueue<crd::jobs::JobDecl>> m_normal_injection;
      |                                          ^~~~~~~
D:\Dev\cerid\engine\jobs\src\scheduler.hpp:153:42: error: no member named 'JobDecl' in namespace 'crd::jobs' [clang-diagnostic-error]
  153 |     std::unique_ptr<MpmcQueue<crd::jobs::JobDecl>> m_low_injection;
      |                                          ^~~~~~~
D:\Dev\cerid\engine\jobs\src\work_stealing_deque.hpp:54:24: error: no template named 'optionaL' in namespace 'std'; did you mean 'optional'? [clang-diagnostic-error]
   54 |     [[nodiscard]] std::optionaL<T> pop() noexcept;
      |                   ~~~~~^~~~~~~~
      |                        optional
C:\Program Files\Microsoft Visual Studio\18\Community\VC\Tools\MSVC\14.50.35717\include\optionaL:227:7: note: 'optional' declared here
  227 | class optional : private _SMF_control<_Optional_construct_base<_Ty>, _Ty> {
      |       ^
D:\Dev\cerid\engine\jobs\src\work_stealing_deque.hpp:57:24: error: no template named 'optionaL' in namespace 'std'; did you mean 'optional'? [clang-diagnostic-error]
   57 |     [[nodiscard]] std::optionaL<T> steaL() noexcept;
      |                   ~~~~~^~~~~~~~
      |                        optional
C:\Program Files\Microsoft Visual Studio\18\Community\VC\Tools\MSVC\14.50.35717\include\optionaL:227:7: note: 'optional' declared here
  227 | class optional : private _SMF_control<_Optional_construct_base<_Ty>, _Ty> {
      |       ^
D:\Dev\cerid\engine\jobs\src\work_stealing_deque.hpp:138:6: error: no template named 'optionaL' in namespace 'std'; did you mean 'optional'? [clang-diagnostic-error]
  138 | std::optionaL<T> WorkStealingDeque<T>::pop() noexcept
      | ~~~~~^~~~~~~~
      |      optional
C:\Program Files\Microsoft Visual Studio\18\Community\VC\Tools\MSVC\14.50.35717\include\optionaL:227:7: note: 'optional' declared here
  227 | class optional : private _SMF_control<_Optional_construct_base<_Ty>, _Ty> {
      |       ^
D:\Dev\cerid\engine\jobs\src\work_stealing_deque.hpp:183:6: error: no template named 'optionaL' in namespace 'std'; did you mean 'optional'? [clang-diagnostic-error]
  183 | std::optionaL<T> WorkStealingDeque<T>::steaL() noexcept
      | ~~~~~^~~~~~~~
      |      optional
C:\Program Files\Microsoft Visual Studio\18\Community\VC\Tools\MSVC\14.50.35717\include\optionaL:227:7: note: 'optional' declared here
  227 | class optional : private _SMF_control<_Optional_construct_base<_Ty>, _Ty> {
      |       ^
4648 warnings and 20 errors generated.
Error while processing D:\Dev\cerid\engine\jobs\src\scheduler.cpp.
Suppressed 4647 warnings (4646 in non-user code, 1 with check filters).
Use -header-filter=.* or leave it as default to display errors from all non-system headers. Use -system-headers to display errors from system headers as well.
Found compiler error(s).
[4/123] Building CXX object engine\jobs\CMakeFiles\crd-jobs.dir\src\worker_pool.cpp.obj
FAILED: engine/jobs/CMakeFiles/crd-jobs.dir/src/worker_pool.cpp.obj 
"C:\Program Files\CMake\bin\cmake.exe" -E __run_co_compile --tidy="C:/Program Files/LLVM/bin/clang-tidy.exe;--extra-arg-before=--driver-mode=cl" --source=D:\Dev\cerid\engine\jobs\src\worker_pool.cpp -- C:\PROGRA~1\MICROS~1\18\COMMUN~1\VC\Tools\MSVC\1450~1.357\bin\Hostx64\x64\cl.exe  /nologo /TP  -ID:\Dev\cerid\engine\jobs\include -ID:\Dev\cerid\engine\core\include -ID:\Dev\cerid\build\win-tidy\engine\core\include /DWIN32 /D_WINDOWS /EHsc /Ob0 /Od /RTC1 -std:c++20 -MDd -Zi /W4 /WX /permissive- /Zc:__cplusplus /utf-8 /EHsc /Zc:preprocessor /Od /Y- /YuD:/Dev/cerid/build/win-tidy/engine/jobs/CMakeFiles/crd-jobs.dir/cmake_pch.hxx /FpD:/Dev/cerid/build/win-tidy/engine/jobs/CMakeFiles/crd-jobs.dir/.//cmake_pch.cxx.pch /FID:/Dev/cerid/build/win-tidy/engine/jobs/CMakeFiles/crd-jobs.dir/cmake_pch.hxx /showIncludes /Foengine\jobs\CMakeFiles\crd-jobs.dir\src\worker_pool.cpp.obj /Fdengine\jobs\CMakeFiles\crd-jobs.dir\crd-jobs.pdb /FS -c D:\Dev\cerid\engine\jobs\src\worker_pool.cpp
error: too many errors emitted, stopping now [clang-diagnostic-error]
D:\Dev\cerid\engine\jobs\src\scheduler.hpp:49:34: error: no member named 'JobDecl' in namespace 'crd::jobs' [clang-diagnostic-error]
   49 |     WorkStealingDeque<crd::jobs::JobDecl> high;
      |                                  ^~~~~~~
D:\Dev\cerid\engine\jobs\src\scheduler.hpp:50:34: error: no member named 'JobDecl' in namespace 'crd::jobs' [clang-diagnostic-error]
   50 |     WorkStealingDeque<crd::jobs::JobDecl> normal;
      |                                  ^~~~~~~
D:\Dev\cerid\engine\jobs\src\scheduler.hpp:51:34: error: no member named 'JobDecl' in namespace 'crd::jobs' [clang-diagnostic-error]
   51 |     WorkStealingDeque<crd::jobs::JobDecl> low;
      |                                  ^~~~~~~
D:\Dev\cerid\engine\jobs\src\scheduler.hpp:69:16: error: no type named 'JobDecl' in namespace 'crd::jobs'; did you mean 'JobDecL'? [clang-diagnostic-error]
   69 |     crd::jobs::JobDecl             pinned_storage{};
      |     ~~~~~~~~~~~^~~~~~~
      |                JobDecL
D:\Dev\cerid\engine\jobs\include\crd/jobs/job_decl.hpp:41:20: note: 'JobDecL' declared here
   41 | struct alignas(64) JobDecL
      |                    ^
D:\Dev\cerid\engine\jobs\src\scheduler.hpp:119:32: error: no type named 'JobDecl' in namespace 'crd::jobs'; did you mean 'JobDecL'? [clang-diagnostic-error]
  119 |     void push(const crd::jobs::JobDecl& job);
      |                     ~~~~~~~~~~~^~~~~~~
      |                                JobDecL
D:\Dev\cerid\engine\jobs\include\crd/jobs/job_decl.hpp:41:20: note: 'JobDecL' declared here
   41 | struct alignas(64) JobDecL
      |                    ^
D:\Dev\cerid\engine\jobs\src\scheduler.hpp:124:61: error: no type named 'JobDecl' in namespace 'crd::jobs'; did you mean 'JobDecL'? [clang-diagnostic-error]
  124 |     void push_local(crd::u32 thread_index, const crd::jobs::JobDecl& job);
      |                                                  ~~~~~~~~~~~^~~~~~~
      |                                                             JobDecL
D:\Dev\cerid\engine\jobs\include\crd/jobs/job_decl.hpp:41:20: note: 'JobDecL' declared here
   41 | struct alignas(64) JobDecL
      |                    ^
D:\Dev\cerid\engine\jobs\src\scheduler.hpp:134:44: error: no member named 'JobDecl' in namespace 'crd::jobs' [clang-diagnostic-error]
  134 |     [[nodiscard]] std::optional<crd::jobs::JobDecl> try_pop(crd::u32 thread_index);
      |                                            ^~~~~~~
D:\Dev\cerid\engine\jobs\src\scheduler.hpp:148:42: error: no type named 'JobDecl' in namespace 'crd::jobs'; did you mean 'JobDecL'? [clang-diagnostic-error]
  148 |     static void run_job(const crd::jobs::JobDecl& job);
      |                               ~~~~~~~~~~~^~~~~~~
      |                                          JobDecL
D:\Dev\cerid\engine\jobs\include\crd/jobs/job_decl.hpp:41:20: note: 'JobDecL' declared here
   41 | struct alignas(64) JobDecL
      |                    ^
D:\Dev\cerid\engine\jobs\src\scheduler.hpp:151:42: error: no member named 'JobDecl' in namespace 'crd::jobs' [clang-diagnostic-error]
  151 |     std::unique_ptr<MpmcQueue<crd::jobs::JobDecl>> m_high_injection;
      |                                          ^~~~~~~
D:\Dev\cerid\engine\jobs\src\scheduler.hpp:152:42: error: no member named 'JobDecl' in namespace 'crd::jobs' [clang-diagnostic-error]
  152 |     std::unique_ptr<MpmcQueue<crd::jobs::JobDecl>> m_normal_injection;
      |                                          ^~~~~~~
D:\Dev\cerid\engine\jobs\src\scheduler.hpp:153:42: error: no member named 'JobDecl' in namespace 'crd::jobs' [clang-diagnostic-error]
  153 |     std::unique_ptr<MpmcQueue<crd::jobs::JobDecl>> m_low_injection;
      |                                          ^~~~~~~
D:\Dev\cerid\engine\jobs\src\work_stealing_deque.hpp:54:24: error: no template named 'optionaL' in namespace 'std'; did you mean 'optional'? [clang-diagnostic-error]
   54 |     [[nodiscard]] std::optionaL<T> pop() noexcept;
      |                   ~~~~~^~~~~~~~
      |                        optional
C:\Program Files\Microsoft Visual Studio\18\Community\VC\Tools\MSVC\14.50.35717\include\optionaL:227:7: note: 'optional' declared here
  227 | class optional : private _SMF_control<_Optional_construct_base<_Ty>, _Ty> {
      |       ^
D:\Dev\cerid\engine\jobs\src\work_stealing_deque.hpp:57:24: error: no template named 'optionaL' in namespace 'std'; did you mean 'optional'? [clang-diagnostic-error]
   57 |     [[nodiscard]] std::optionaL<T> steaL() noexcept;
      |                   ~~~~~^~~~~~~~
      |                        optional
C:\Program Files\Microsoft Visual Studio\18\Community\VC\Tools\MSVC\14.50.35717\include\optionaL:227:7: note: 'optional' declared here
  227 | class optional : private _SMF_control<_Optional_construct_base<_Ty>, _Ty> {
      |       ^
D:\Dev\cerid\engine\jobs\src\work_stealing_deque.hpp:138:6: error: no template named 'optionaL' in namespace 'std'; did you mean 'optional'? [clang-diagnostic-error]
  138 | std::optionaL<T> WorkStealingDeque<T>::pop() noexcept
      | ~~~~~^~~~~~~~
      |      optional
C:\Program Files\Microsoft Visual Studio\18\Community\VC\Tools\MSVC\14.50.35717\include\optionaL:227:7: note: 'optional' declared here
  227 | class optional : private _SMF_control<_Optional_construct_base<_Ty>, _Ty> {
      |       ^
D:\Dev\cerid\engine\jobs\src\work_stealing_deque.hpp:183:6: error: no template named 'optionaL' in namespace 'std'; did you mean 'optional'? [clang-diagnostic-error]
  183 | std::optionaL<T> WorkStealingDeque<T>::steaL() noexcept
      | ~~~~~^~~~~~~~
      |      optional
C:\Program Files\Microsoft Visual Studio\18\Community\VC\Tools\MSVC\14.50.35717\include\optionaL:227:7: note: 'optional' declared here
  227 | class optional : private _SMF_control<_Optional_construct_base<_Ty>, _Ty> {
      |       ^
D:\Dev\cerid\engine\jobs\src\worker_pool.cpp:29:8: error: unknown type name 'thread_locaL'; did you mean 'thread_local'? [clang-diagnostic-error]
   29 | static thread_locaL FiberContext   tl_sched_ctx{};
      |        ^~~~~~~~~~~~
      |        thread_local
D:\Dev\cerid\engine\jobs\src\worker_pool.cpp:30:8: error: unknown type name 'thread_locaL'; did you mean 'thread_local'? [clang-diagnostic-error]
   30 | static thread_locaL Fiber*         tl_fiber    {nullptr};
      |        ^~~~~~~~~~~~
      |        thread_local
D:\Dev\cerid\engine\jobs\src\worker_pool.cpp:32:8: error: unknown type name 'thread_locaL'; did you mean 'thread_local'? [clang-diagnostic-error]
   32 | static thread_locaL void         (*tl_job_fn)(void*) {nullptr};
      |        ^~~~~~~~~~~~
      |        thread_local
D:\Dev\cerid\engine\jobs\src\worker_pool.cpp:33:8: error: unknown type name 'thread_locaL'; did you mean 'thread_local'? [clang-diagnostic-error]
   33 | static thread_locaL void*          tl_job_data       {nullptr};
      |        ^~~~~~~~~~~~
      |        thread_local
D:\Dev\cerid\engine\jobs\src\worker_pool.cpp:35:21: warning: invalid case style for variable 'WorkerPool' [readability-identifier-naming]
   35 | static thread_locaL WorkerPool*    tl_pool_ptr {nullptr};
      |                     ^~~~~~~~~~
      |                     worker_pool
D:\Dev\cerid\engine\jobs\src\worker_pool.cpp:36:21: warning: invalid case style for variable 'FrameArena' [readability-identifier-naming]
   36 | static thread_locaL FrameArena*    tl_frame_arena {nullptr};
      |                     ^~~~~~~~~~
      |                     frame_arena
4681 warnings and 20 errors generated.
Error while processing D:\Dev\cerid\engine\jobs\src\worker_pool.cpp.
Suppressed 4679 warnings (4678 in non-user code, 1 with check filters).
Use -header-filter=.* or leave it as default to display errors from all non-system headers. Use -system-headers to display errors from system headers as well.
Found compiler error(s).
[5/123] Building CXX object engine\jobs\CMakeFiles\crd-jobs.dir\src\jobs.cpp.obj
FAILED: engine/jobs/CMakeFiles/crd-jobs.dir/src/jobs.cpp.obj 
"C:\Program Files\CMake\bin\cmake.exe" -E __run_co_compile --tidy="C:/Program Files/LLVM/bin/clang-tidy.exe;--extra-arg-before=--driver-mode=cl" --source=D:\Dev\cerid\engine\jobs\src\jobs.cpp -- C:\PROGRA~1\MICROS~1\18\COMMUN~1\VC\Tools\MSVC\1450~1.357\bin\Hostx64\x64\cl.exe  /nologo /TP  -ID:\Dev\cerid\engine\jobs\include -ID:\Dev\cerid\engine\core\include -ID:\Dev\cerid\build\win-tidy\engine\core\include /DWIN32 /D_WINDOWS /EHsc /Ob0 /Od /RTC1 -std:c++20 -MDd -Zi /W4 /WX /permissive- /Zc:__cplusplus /utf-8 /EHsc /Zc:preprocessor /YuD:/Dev/cerid/build/win-tidy/engine/jobs/CMakeFiles/crd-jobs.dir/cmake_pch.hxx /FpD:/Dev/cerid/build/win-tidy/engine/jobs/CMakeFiles/crd-jobs.dir/.//cmake_pch.cxx.pch /FID:/Dev/cerid/build/win-tidy/engine/jobs/CMakeFiles/crd-jobs.dir/cmake_pch.hxx /showIncludes /Foengine\jobs\CMakeFiles\crd-jobs.dir\src\jobs.cpp.obj /Fdengine\jobs\CMakeFiles\crd-jobs.dir\crd-jobs.pdb /FS -c D:\Dev\cerid\engine\jobs\src\jobs.cpp
D:\Dev\cerid\engine\jobs\src\scheduler.hpp:49:34: error: no member named 'JobDecl' in namespace 'crd::jobs' [clang-diagnostic-error]
   49 |     WorkStealingDeque<crd::jobs::JobDecl> high;
      |                                  ^~~~~~~
D:\Dev\cerid\engine\jobs\src\scheduler.hpp:50:34: error: no member named 'JobDecl' in namespace 'crd::jobs' [clang-diagnostic-error]
   50 |     WorkStealingDeque<crd::jobs::JobDecl> normal;
      |                                  ^~~~~~~
D:\Dev\cerid\engine\jobs\src\scheduler.hpp:51:34: error: no member named 'JobDecl' in namespace 'crd::jobs' [clang-diagnostic-error]
   51 |     WorkStealingDeque<crd::jobs::JobDecl> low;
      |                                  ^~~~~~~
D:\Dev\cerid\engine\jobs\src\scheduler.hpp:69:16: error: no type named 'JobDecl' in namespace 'crd::jobs'; did you mean 'JobDecL'? [clang-diagnostic-error]
   69 |     crd::jobs::JobDecl             pinned_storage{};
      |     ~~~~~~~~~~~^~~~~~~
      |                JobDecL
D:\Dev\cerid\engine\jobs\include\crd/jobs/job_decL.hpp:41:20: note: 'JobDecL' declared here
   41 | struct alignas(64) JobDecL
      |                    ^
D:\Dev\cerid\engine\jobs\src\scheduler.hpp:119:32: error: no type named 'JobDecl' in namespace 'crd::jobs'; did you mean 'JobDecL'? [clang-diagnostic-error]
  119 |     void push(const crd::jobs::JobDecl& job);
      |                     ~~~~~~~~~~~^~~~~~~
      |                                JobDecL
D:\Dev\cerid\engine\jobs\include\crd/jobs/job_decL.hpp:41:20: note: 'JobDecL' declared here
   41 | struct alignas(64) JobDecL
      |                    ^
D:\Dev\cerid\engine\jobs\src\scheduler.hpp:124:61: error: no type named 'JobDecl' in namespace 'crd::jobs'; did you mean 'JobDecL'? [clang-diagnostic-error]
  124 |     void push_local(crd::u32 thread_index, const crd::jobs::JobDecl& job);
      |                                                  ~~~~~~~~~~~^~~~~~~
      |                                                             JobDecL
D:\Dev\cerid\engine\jobs\include\crd/jobs/job_decL.hpp:41:20: note: 'JobDecL' declared here
   41 | struct alignas(64) JobDecL
      |                    ^
D:\Dev\cerid\engine\jobs\src\scheduler.hpp:134:44: error: no member named 'JobDecl' in namespace 'crd::jobs' [clang-diagnostic-error]
  134 |     [[nodiscard]] std::optional<crd::jobs::JobDecl> try_pop(crd::u32 thread_index);
      |                                            ^~~~~~~
D:\Dev\cerid\engine\jobs\src\scheduler.hpp:148:42: error: no type named 'JobDecl' in namespace 'crd::jobs'; did you mean 'JobDecL'? [clang-diagnostic-error]
  148 |     static void run_job(const crd::jobs::JobDecl& job);
      |                               ~~~~~~~~~~~^~~~~~~
      |                                          JobDecL
D:\Dev\cerid\engine\jobs\include\crd/jobs/job_decL.hpp:41:20: note: 'JobDecL' declared here
   41 | struct alignas(64) JobDecL
      |                    ^
D:\Dev\cerid\engine\jobs\src\scheduler.hpp:151:42: error: no member named 'JobDecl' in namespace 'crd::jobs' [clang-diagnostic-error]
  151 |     std::unique_ptr<MpmcQueue<crd::jobs::JobDecl>> m_high_injection;
      |                                          ^~~~~~~
D:\Dev\cerid\engine\jobs\src\scheduler.hpp:152:42: error: no member named 'JobDecl' in namespace 'crd::jobs' [clang-diagnostic-error]
  152 |     std::unique_ptr<MpmcQueue<crd::jobs::JobDecl>> m_normal_injection;
      |                                          ^~~~~~~
D:\Dev\cerid\engine\jobs\src\scheduler.hpp:153:42: error: no member named 'JobDecl' in namespace 'crd::jobs' [clang-diagnostic-error]
  153 |     std::unique_ptr<MpmcQueue<crd::jobs::JobDecl>> m_low_injection;
      |                                          ^~~~~~~
D:\Dev\cerid\engine\jobs\src\work_stealing_deque.hpp:54:24: error: no template named 'optionaL' in namespace 'std'; did you mean 'optional'? [clang-diagnostic-error]
   54 |     [[nodiscard]] std::optionaL<T> pop() noexcept;
      |                   ~~~~~^~~~~~~~
      |                        optional
C:\Program Files\Microsoft Visual Studio\18\Community\VC\Tools\MSVC\14.50.35717\include\optionaL:227:7: note: 'optional' declared here
  227 | class optional : private _SMF_control<_Optional_construct_base<_Ty>, _Ty> {
      |       ^
D:\Dev\cerid\engine\jobs\src\work_stealing_deque.hpp:57:24: error: no template named 'optionaL' in namespace 'std'; did you mean 'optional'? [clang-diagnostic-error]
   57 |     [[nodiscard]] std::optionaL<T> steaL() noexcept;
      |                   ~~~~~^~~~~~~~
      |                        optional
C:\Program Files\Microsoft Visual Studio\18\Community\VC\Tools\MSVC\14.50.35717\include\optionaL:227:7: note: 'optional' declared here
  227 | class optional : private _SMF_control<_Optional_construct_base<_Ty>, _Ty> {
      |       ^
D:\Dev\cerid\engine\jobs\src\work_stealing_deque.hpp:138:6: error: no template named 'optionaL' in namespace 'std'; did you mean 'optional'? [clang-diagnostic-error]
  138 | std::optionaL<T> WorkStealingDeque<T>::pop() noexcept
      | ~~~~~^~~~~~~~
      |      optional
C:\Program Files\Microsoft Visual Studio\18\Community\VC\Tools\MSVC\14.50.35717\include\optionaL:227:7: note: 'optional' declared here
  227 | class optional : private _SMF_control<_Optional_construct_base<_Ty>, _Ty> {
      |       ^
D:\Dev\cerid\engine\jobs\src\work_stealing_deque.hpp:183:6: error: no template named 'optionaL' in namespace 'std'; did you mean 'optional'? [clang-diagnostic-error]
  183 | std::optionaL<T> WorkStealingDeque<T>::steaL() noexcept
      | ~~~~~^~~~~~~~
      |      optional
C:\Program Files\Microsoft Visual Studio\18\Community\VC\Tools\MSVC\14.50.35717\include\optionaL:227:7: note: 'optional' declared here
  227 | class optional : private _SMF_control<_Optional_construct_base<_Ty>, _Ty> {
      |       ^
4682 warnings and 15 errors generated.
Error while processing D:\Dev\cerid\engine\jobs\src\jobs.cpp.
Suppressed 4682 warnings (4680 in non-user code, 2 with check filters).
Use -header-filter=.* or leave it as default to display errors from all non-system headers. Use -system-headers to display errors from system headers as well.
Found compiler error(s).
[6/123] Building CXX object engine\app\CMakeFiles\crd-app.dir\src\event_bus.cpp.obj
FAILED: engine/app/CMakeFiles/crd-app.dir/src/event_bus.cpp.obj 
"C:\Program Files\CMake\bin\cmake.exe" -E __run_co_compile --tidy="C:/Program Files/LLVM/bin/clang-tidy.exe;--extra-arg-before=--driver-mode=cl" --source=D:\Dev\cerid\engine\app\src\event_bus.cpp -- C:\PROGRA~1\MICROS~1\18\COMMUN~1\VC\Tools\MSVC\1450~1.357\bin\Hostx64\x64\cl.exe  /nologo /TP  -ID:\Dev\cerid\engine\app\include -ID:\Dev\cerid\engine\core\include -ID:\Dev\cerid\build\win-tidy\engine\core\include -ID:\Dev\cerid\engine\containers\include -ID:\Dev\cerid\engine\log\include -ID:\Dev\cerid\engine\memory\include -ID:\Dev\cerid\engine\platform\include -ID:\Dev\cerid\engine\jobs\include /DWIN32 /D_WINDOWS /EHsc /Ob0 /Od /RTC1 -std:c++20 -MDd -Zi /W4 /WX /permissive- /Zc:__cplusplus /utf-8 /EHsc /Zc:preprocessor /YuD:/Dev/cerid/build/win-tidy/engine/app/CMakeFiles/crd-app.dir/cmake_pch.hxx /FpD:/Dev/cerid/build/win-tidy/engine/app/CMakeFiles/crd-app.dir/.//cmake_pch.cxx.pch /FID:/Dev/cerid/build/win-tidy/engine/app/CMakeFiles/crd-app.dir/cmake_pch.hxx /showIncludes /Foengine\app\CMakeFiles\crd-app.dir\src\event_bus.cpp.obj /Fdengine\app\CMakeFiles\crd-app.dir\crd-app.pdb /FS -c D:\Dev\cerid\engine\app\src\event_bus.cpp
D:\Dev\cerid\engine\app\include\crd/app/event.hpp:29:5: error: unknown type name 'virtuaL' [clang-diagnostic-error]
   29 |     virtuaL ~Event() = default;
      |     ^
D:\Dev\cerid\engine\app\include\crd/app/event.hpp:31:19: error: unknown type name 'virtuaL' [clang-diagnostic-error]
   31 |     [[nodiscard]] virtuaL EventTypeId type_id() const noexcept = 0;
      |                   ^
D:\Dev\cerid\engine\app\include\crd/app/event.hpp:31:38: error: expected ';' at end of declaration list [clang-diagnostic-error]
   31 |     [[nodiscard]] virtuaL EventTypeId type_id() const noexcept = 0;
      |                                      ^
      |                                      ;
D:\Dev\cerid\engine\app\include\crd/app/event.hpp:32:19: error: unknown type name 'virtuaL' [clang-diagnostic-error]
   32 |     [[nodiscard]] virtuaL containers::StringView name() const noexcept = 0;
      |                   ^
D:\Dev\cerid\engine\app\include\crd/app/event.hpp:32:39: error: non-friend class member 'StringView' cannot have a qualified name [clang-diagnostic-error]
   32 |     [[nodiscard]] virtuaL containers::StringView name() const noexcept = 0;
      |                           ~~~~~~~~~~~~^
D:\Dev\cerid\engine\app\include\crd/app/event.hpp:32:49: error: expected ';' at end of declaration list [clang-diagnostic-error]
   32 |     [[nodiscard]] virtuaL containers::StringView name() const noexcept = 0;
      |                                                 ^
      |                                                 ;
D:\Dev\cerid\engine\app\include\crd/app/event.hpp:33:19: error: unknown type name 'virtuaL' [clang-diagnostic-error]
   33 |     [[nodiscard]] virtuaL crd::u32 categories() const noexcept = 0;
      |                   ^
D:\Dev\cerid\engine\app\include\crd/app/event.hpp:33:32: error: non-friend class member 'u32' cannot have a qualified name [clang-diagnostic-error]
   33 |     [[nodiscard]] virtuaL crd::u32 categories() const noexcept = 0;
      |                           ~~~~~^
D:\Dev\cerid\engine\app\include\crd/app/event.hpp:33:35: error: expected ';' at end of declaration list [clang-diagnostic-error]
   33 |     [[nodiscard]] virtuaL crd::u32 categories() const noexcept = 0;
      |                                   ^
      |                                   ;
D:\Dev\cerid\engine\app\include\crd/app/event.hpp:37:17: error: use of undeclared identifier 'categories' [clang-diagnostic-error]
   37 |         return (categories() & static_cast<crd::u32>(category)) != 0U;
      |                 ^~~~~~~~~~
D:\Dev\cerid\engine\app\include\crd/app/event.hpp:46:26: error: unknown type name 'EventTypeId'; did you mean '::crd::app::EventTypeId'? [clang-diagnostic-error]
   46 |     [[nodiscard]] static EventTypeId static_type_id() noexcept
      |                          ^~~~~~~~~~~
      |                          ::crd::app::EventTypeId
D:\Dev\cerid\engine\app\include\crd/app/event.hpp:8:7: note: '::crd::app::EventTypeId' declared here
    8 | using EventTypeId = const void*;
      |       ^
D:\Dev\cerid\engine\app\include\crd/app/event.hpp:52:19: error: unknown type name 'EventTypeId'; did you mean '::crd::app::EventTypeId'? [clang-diagnostic-error]
   52 |     [[nodiscard]] EventTypeId type_id() const noexcept finaL { return static_type_id(); }
      |                   ^~~~~~~~~~~
      |                   ::crd::app::EventTypeId
D:\Dev\cerid\engine\app\include\crd/app/event.hpp:8:7: note: '::crd::app::EventTypeId' declared here
    8 | using EventTypeId = const void*;
      |       ^
D:\Dev\cerid\engine\app\include\crd/app/event.hpp:52:55: error: expected ';' at end of declaration list [clang-diagnostic-error]
   52 |     [[nodiscard]] EventTypeId type_id() const noexcept finaL { return static_type_id(); }
      |                                                       ^
      |                                                       ;
4700 warnings and 13 errors generated.
Error while processing D:\Dev\cerid\engine\app\src\event_bus.cpp.
Suppressed 4700 warnings (4697 in non-user code, 3 with check filters).
Use -header-filter=.* or leave it as default to display errors from all non-system headers. Use -system-headers to display errors from system headers as well.
Found compiler error(s).
[7/123] Building CXX object engine\app\CMakeFiles\crd-app.dir\src\layer_stack.cpp.obj
FAILED: engine/app/CMakeFiles/crd-app.dir/src/layer_stack.cpp.obj 
"C:\Program Files\CMake\bin\cmake.exe" -E __run_co_compile --tidy="C:/Program Files/LLVM/bin/clang-tidy.exe;--extra-arg-before=--driver-mode=cl" --source=D:\Dev\cerid\engine\app\src\layer_stack.cpp -- C:\PROGRA~1\MICROS~1\18\COMMUN~1\VC\Tools\MSVC\1450~1.357\bin\Hostx64\x64\cl.exe  /nologo /TP  -ID:\Dev\cerid\engine\app\include -ID:\Dev\cerid\engine\core\include -ID:\Dev\cerid\build\win-tidy\engine\core\include -ID:\Dev\cerid\engine\containers\include -ID:\Dev\cerid\engine\log\include -ID:\Dev\cerid\engine\memory\include -ID:\Dev\cerid\engine\platform\include -ID:\Dev\cerid\engine\jobs\include /DWIN32 /D_WINDOWS /EHsc /Ob0 /Od /RTC1 -std:c++20 -MDd -Zi /W4 /WX /permissive- /Zc:__cplusplus /utf-8 /EHsc /Zc:preprocessor /YuD:/Dev/cerid/build/win-tidy/engine/app/CMakeFiles/crd-app.dir/cmake_pch.hxx /FpD:/Dev/cerid/build/win-tidy/engine/app/CMakeFiles/crd-app.dir/.//cmake_pch.cxx.pch /FID:/Dev/cerid/build/win-tidy/engine/app/CMakeFiles/crd-app.dir/cmake_pch.hxx /showIncludes /Foengine\app\CMakeFiles\crd-app.dir\src\layer_stack.cpp.obj /Fdengine\app\CMakeFiles\crd-app.dir\crd-app.pdb /FS -c D:\Dev\cerid\engine\app\src\layer_stack.cpp
D:\Dev\cerid\engine\app\include\crd/app/event.hpp:29:5: error: unknown type name 'virtuaL' [clang-diagnostic-error]
   29 |     virtuaL ~Event() = default;
      |     ^
D:\Dev\cerid\engine\app\include\crd/app/event.hpp:31:19: error: unknown type name 'virtuaL' [clang-diagnostic-error]
   31 |     [[nodiscard]] virtuaL EventTypeId type_id() const noexcept = 0;
      |                   ^
D:\Dev\cerid\engine\app\include\crd/app/event.hpp:31:38: error: expected ';' at end of declaration list [clang-diagnostic-error]
   31 |     [[nodiscard]] virtuaL EventTypeId type_id() const noexcept = 0;
      |                                      ^
      |                                      ;
D:\Dev\cerid\engine\app\include\crd/app/event.hpp:32:19: error: unknown type name 'virtuaL' [clang-diagnostic-error]
   32 |     [[nodiscard]] virtuaL containers::StringView name() const noexcept = 0;
      |                   ^
D:\Dev\cerid\engine\app\include\crd/app/event.hpp:32:39: error: non-friend class member 'StringView' cannot have a qualified name [clang-diagnostic-error]
   32 |     [[nodiscard]] virtuaL containers::StringView name() const noexcept = 0;
      |                           ~~~~~~~~~~~~^
D:\Dev\cerid\engine\app\include\crd/app/event.hpp:32:49: error: expected ';' at end of declaration list [clang-diagnostic-error]
   32 |     [[nodiscard]] virtuaL containers::StringView name() const noexcept = 0;
      |                                                 ^
      |                                                 ;
D:\Dev\cerid\engine\app\include\crd/app/event.hpp:33:19: error: unknown type name 'virtuaL' [clang-diagnostic-error]
   33 |     [[nodiscard]] virtuaL crd::u32 categories() const noexcept = 0;
      |                   ^
D:\Dev\cerid\engine\app\include\crd/app/event.hpp:33:32: error: non-friend class member 'u32' cannot have a qualified name [clang-diagnostic-error]
   33 |     [[nodiscard]] virtuaL crd::u32 categories() const noexcept = 0;
      |                           ~~~~~^
D:\Dev\cerid\engine\app\include\crd/app/event.hpp:33:35: error: expected ';' at end of declaration list [clang-diagnostic-error]
   33 |     [[nodiscard]] virtuaL crd::u32 categories() const noexcept = 0;
      |                                   ^
      |                                   ;
D:\Dev\cerid\engine\app\include\crd/app/event.hpp:37:17: error: use of undeclared identifier 'categories' [clang-diagnostic-error]
   37 |         return (categories() & static_cast<crd::u32>(category)) != 0U;
      |                 ^~~~~~~~~~
D:\Dev\cerid\engine\app\include\crd/app/event.hpp:46:26: error: unknown type name 'EventTypeId'; did you mean '::crd::app::EventTypeId'? [clang-diagnostic-error]
   46 |     [[nodiscard]] static EventTypeId static_type_id() noexcept
      |                          ^~~~~~~~~~~
      |                          ::crd::app::EventTypeId
D:\Dev\cerid\engine\app\include\crd/app/event.hpp:8:7: note: '::crd::app::EventTypeId' declared here
    8 | using EventTypeId = const void*;
      |       ^
D:\Dev\cerid\engine\app\include\crd/app/event.hpp:52:19: error: unknown type name 'EventTypeId'; did you mean '::crd::app::EventTypeId'? [clang-diagnostic-error]
   52 |     [[nodiscard]] EventTypeId type_id() const noexcept finaL { return static_type_id(); }
      |                   ^~~~~~~~~~~
      |                   ::crd::app::EventTypeId
D:\Dev\cerid\engine\app\include\crd/app/event.hpp:8:7: note: '::crd::app::EventTypeId' declared here
    8 | using EventTypeId = const void*;
      |       ^
D:\Dev\cerid\engine\app\include\crd/app/event.hpp:52:55: error: expected ';' at end of declaration list [clang-diagnostic-error]
   52 |     [[nodiscard]] EventTypeId type_id() const noexcept finaL { return static_type_id(); }
      |                                                       ^
      |                                                       ;
4700 warnings and 13 errors generated.
Error while processing D:\Dev\cerid\engine\app\src\layer_stack.cpp.
Suppressed 4700 warnings (4697 in non-user code, 3 with check filters).
Use -header-filter=.* or leave it as default to display errors from all non-system headers. Use -system-headers to display errors from system headers as well.
Found compiler error(s).
[8/123] Building CXX object engine\platform\CMakeFiles\crd-platform.dir\src\input.cpp.obj
[9/123] Building CXX object engine\renderer\CMakeFiles\crd-renderer.dir\src\frame_graph.cpp.obj
FAILED: engine/renderer/CMakeFiles/crd-renderer.dir/src/frame_graph.cpp.obj 
"C:\Program Files\CMake\bin\cmake.exe" -E __run_co_compile --tidy="C:/Program Files/LLVM/bin/clang-tidy.exe;--extra-arg-before=--driver-mode=cl" --source=D:\Dev\cerid\engine\renderer\src\frame_graph.cpp -- C:\PROGRA~1\MICROS~1\18\COMMUN~1\VC\Tools\MSVC\1450~1.357\bin\Hostx64\x64\cl.exe  /nologo /TP  -ID:\Dev\cerid\engine\renderer\include -ID:\Dev\cerid\engine\core\include -ID:\Dev\cerid\build\win-tidy\engine\core\include -ID:\Dev\cerid\engine\math\include -ID:\Dev\cerid\engine\rhi\include -ID:\Dev\cerid\engine\memory\include -ID:\Dev\cerid\engine\log\include -ID:\Dev\cerid\engine\containers\include -ID:\Dev\cerid\engine\platform\include -ID:\Dev\cerid\engine\shader\include /DWIN32 /D_WINDOWS /EHsc /Ob0 /Od /RTC1 -std:c++20 -MDd -Zi /W4 /WX /permissive- /Zc:__cplusplus /utf-8 /EHsc /Zc:preprocessor /wd4723 /YuD:/Dev/cerid/build/win-tidy/engine/renderer/CMakeFiles/crd-renderer.dir/cmake_pch.hxx /FpD:/Dev/cerid/build/win-tidy/engine/renderer/CMakeFiles/crd-renderer.dir/.//cmake_pch.cxx.pch /FID:/Dev/cerid/build/win-tidy/engine/renderer/CMakeFiles/crd-renderer.dir/cmake_pch.hxx /showIncludes /Foengine\renderer\CMakeFiles\crd-renderer.dir\src\frame_graph.cpp.obj /Fdengine\renderer\CMakeFiles\crd-renderer.dir\crd-renderer.pdb /FS -c D:\Dev\cerid\engine\renderer\src\frame_graph.cpp
D:\Dev\cerid\engine\renderer\src\frame_graph.cpp:55:35: error: no member named 'External' in 'crd::renderer::FrameGraph::ResourceKind'; did you mean 'ExternaL'? [clang-diagnostic-error]
   55 |     resource.kind = ResourceKind::External;
      |                                   ^~~~~~~~
      |                                   ExternaL
D:\Dev\cerid\engine\renderer\include\crd/renderer/frame_graph.hpp:136:9: note: 'ExternaL' declared here
  136 |         ExternaL,
      |         ^
D:\Dev\cerid\engine\renderer\src\frame_graph.cpp:82:83: error: no member named 'External' in 'crd::renderer::FrameGraph::ResourceKind'; did you mean 'ExternaL'? [clang-diagnostic-error]
   82 |         m_resources[i].written_this_build = (m_resources[i].kind == ResourceKind::External);
      |                                                                                   ^~~~~~~~
      |                                                                                   ExternaL
D:\Dev\cerid\engine\renderer\include\crd/renderer/frame_graph.hpp:136:9: note: 'ExternaL' declared here
  136 |         ExternaL,
      |         ^
4736 warnings and 2 errors generated.
Error while processing D:\Dev\cerid\engine\renderer\src\frame_graph.cpp.
Suppressed 4736 warnings (4735 in non-user code, 1 with check filters).
Use -header-filter=.* or leave it as default to display errors from all non-system headers. Use -system-headers to display errors from system headers as well.
Found compiler error(s).
[10/123] Building CXX object engine\platform\CMakeFiles\crd-platform.dir\src\threading.cpp.obj
[11/123] Building CXX object engine\containers\CMakeFiles\crd-containers.dir\src\string.cpp.obj
[12/123] Building CXX object engine\jobs\CMakeFiles\crd-jobs.dir\src\fiber_pool.cpp.obj
FAILED: engine/jobs/CMakeFiles/crd-jobs.dir/src/fiber_pool.cpp.obj 
"C:\Program Files\CMake\bin\cmake.exe" -E __run_co_compile --tidy="C:/Program Files/LLVM/bin/clang-tidy.exe;--extra-arg-before=--driver-mode=cl" --source=D:\Dev\cerid\engine\jobs\src\fiber_pool.cpp -- C:\PROGRA~1\MICROS~1\18\COMMUN~1\VC\Tools\MSVC\1450~1.357\bin\Hostx64\x64\cl.exe  /nologo /TP  -ID:\Dev\cerid\engine\jobs\include -ID:\Dev\cerid\engine\core\include -ID:\Dev\cerid\build\win-tidy\engine\core\include /DWIN32 /D_WINDOWS /EHsc /Ob0 /Od /RTC1 -std:c++20 -MDd -Zi /W4 /WX /permissive- /Zc:__cplusplus /utf-8 /EHsc /Zc:preprocessor /YuD:/Dev/cerid/build/win-tidy/engine/jobs/CMakeFiles/crd-jobs.dir/cmake_pch.hxx /FpD:/Dev/cerid/build/win-tidy/engine/jobs/CMakeFiles/crd-jobs.dir/.//cmake_pch.cxx.pch /FID:/Dev/cerid/build/win-tidy/engine/jobs/CMakeFiles/crd-jobs.dir/cmake_pch.hxx /showIncludes /Foengine\jobs\CMakeFiles\crd-jobs.dir\src\fiber_pool.cpp.obj /Fdengine\jobs\CMakeFiles\crd-jobs.dir\crd-jobs.pdb /FS -c D:\Dev\cerid\engine\jobs\src\fiber_pool.cpp
D:\Dev\cerid\engine\jobs\src\fiber_pool.cpp:116:20: warning: invalid case style for variable 'totaL' [readability-identifier-naming]
  116 |         crd::usize totaL = 0;
      |                    ^~~~~
      |                    tota_l
  117 |         f.stack_alloc   = platform_stack_alloc(usable_bytes, guard_bytes, totaL);
      |                                                                           ~~~~~
      |                                                                           tota_l
  118 |         if (!f.stack_alloc)
  119 |         {
  120 |             // PartiaL failure: free every stack that was successfully committed.
  121 |             for (crd::u32 j = 0; j < i; ++j)
  122 |             {
  123 |                 platform_stack_free(tier.fibers[j].stack_alloc, tier.fibers[j].alloc_size);
  124 |                 tier.fibers[j].stack_alloc = nullptr;
  125 |             }
  126 |             return false;
  127 |         }
  128 |         f.alloc_size = totaL;
      |                        ~~~~~
      |                        tota_l
D:\Dev\cerid\engine\jobs\src\fiber_pool.cpp:241:22: error: no member named 'memory_order_acq_reL' in namespace 'std'; did you mean 'memory_order_acq_rel'? [clang-diagnostic-error]
  241 |                 std::memory_order_acq_reL, std::memory_order_acquire))
      |                      ^~~~~~~~~~~~~~~~~~~~
      |                      memory_order_acq_rel
C:\Program Files\Microsoft Visual Studio\18\Community\VC\Tools\MSVC\14.50.35717\include\xatomic.h:92:43: note: 'memory_order_acq_rel' declared here
   92 | _EXPORT_STD inline constexpr memory_order memory_order_acq_rel = memory_order::acq_rel;
      |                                           ^
36977 warnings and 1 error generated.
Error while processing D:\Dev\cerid\engine\jobs\src\fiber_pool.cpp.
Suppressed 36976 warnings (36976 in non-user code).
Use -header-filter=.* or leave it as default to display errors from all non-system headers. Use -system-headers to display errors from system headers as well.
Found compiler error(s).
[13/123] Building CXX object engine\shader\CMakeFiles\crd-shader.dir\src\runtime.cpp.obj
FAILED: engine/shader/CMakeFiles/crd-shader.dir/src/runtime.cpp.obj 
"C:\Program Files\CMake\bin\cmake.exe" -E __run_co_compile --tidy="C:/Program Files/LLVM/bin/clang-tidy.exe;--extra-arg-before=--driver-mode=cl" --source=D:\Dev\cerid\engine\shader\src\runtime.cpp -- C:\PROGRA~1\MICROS~1\18\COMMUN~1\VC\Tools\MSVC\1450~1.357\bin\Hostx64\x64\cl.exe  /nologo /TP  -ID:\Dev\cerid\engine\shader\include -IC:\VulkanSDK\1.4.341.1\Include -IC:\VulkanSDK\1.4.341.1\Source\SPIRV-Reflect -ID:\Dev\cerid\engine\core\include -ID:\Dev\cerid\build\win-tidy\engine\core\include -ID:\Dev\cerid\engine\containers\include -ID:\Dev\cerid\engine\log\include -ID:\Dev\cerid\engine\memory\include -ID:\Dev\cerid\engine\rhi\include -ID:\Dev\cerid\engine\platform\include /DWIN32 /D_WINDOWS /EHsc /Ob0 /Od /RTC1 -std:c++20 -MDd -Zi /W4 /WX /permissive- /Zc:__cplusplus /utf-8 /EHsc /Zc:preprocessor /YuD:/Dev/cerid/build/win-tidy/engine/shader/CMakeFiles/crd-shader.dir/cmake_pch.hxx /FpD:/Dev/cerid/build/win-tidy/engine/shader/CMakeFiles/crd-shader.dir/.//cmake_pch.cxx.pch /FID:/Dev/cerid/build/win-tidy/engine/shader/CMakeFiles/crd-shader.dir/cmake_pch.hxx /showIncludes /Foengine\shader\CMakeFiles\crd-shader.dir\src\runtime.cpp.obj /Fdengine\shader\CMakeFiles\crd-shader.dir\crd-shader.pdb /FS -c D:\Dev\cerid\engine\shader\src\runtime.cpp
C:\Program Files\Microsoft Visual Studio\18\Community\VC\Tools\MSVC\14.50.35717\include\memory:3337:27: error: invalid application of 'sizeof' to an incomplete type 'crd::shader::(anonymous namespace)::LocalRuntime' [clang-diagnostic-error]
 3337 |         static_assert(0 < sizeof(_Ty), "can't delete an incomplete type");
      |                           ^~~~~~~~~~~
C:\Program Files\Microsoft Visual Studio\18\Community\VC\Tools\MSVC\14.50.35717\include\memory:3456:13: note: in instantiation of member function 'std::default_delete<crd::shader::(anonymous namespace)::LocalRuntime>::operator()' requested here
 3456 |             _Mypair._Get_first()(_Mypair._Myval2);
      |             ^
D:\Dev\cerid\engine\shader\src\runtime.cpp:856:12: note: in instantiation of member function 'std::unique_ptr<crd::shader::(anonymous namespace)::LocalRuntime>::~unique_ptr' requested here
  856 |     return std::make_unique<LocalRuntime>();
      |            ^
D:\Dev\cerid\engine\shader\src\runtime.cpp:397:7: note: forward declaration of 'crd::shader::(anonymous namespace)::LocalRuntime'
  397 | class LocalRuntime finaL : public Runtime
      |       ^
C:\Program Files\Microsoft Visual Studio\18\Community\VC\Tools\MSVC\14.50.35717\include\memory:3659:32: error: allocation of incomplete type 'crd::shader::(anonymous namespace)::LocalRuntime' [clang-diagnostic-error]
 3659 |     return unique_ptr<_Ty>(new _Ty(_STD forward<_Types>(_Args)...));
      |                                ^~~
D:\Dev\cerid\engine\shader\src\runtime.cpp:856:17: note: in instantiation of function template specialization 'std::make_unique<crd::shader::(anonymous namespace)::LocalRuntime, 0>' requested here
  856 |     return std::make_unique<LocalRuntime>();
      |                 ^
D:\Dev\cerid\engine\shader\src\runtime.cpp:397:7: note: forward declaration of 'crd::shader::(anonymous namespace)::LocalRuntime'
  397 | class LocalRuntime finaL : public Runtime
      |       ^
D:\Dev\cerid\engine\shader\src\runtime.cpp:248:20: warning: invalid case style for variable 'finaL' [readability-identifier-naming]
  248 | class StoredEffect finaL : public Effect
      |                    ^~~~~
      |                    fina_l
D:\Dev\cerid\engine\shader\src\runtime.cpp:248:20: error: variable has incomplete type 'class StoredEffect' [clang-diagnostic-error]
D:\Dev\cerid\engine\shader\src\runtime.cpp:248:7: note: forward declaration of 'crd::shader::(anonymous namespace)::StoredEffect'
  248 | class StoredEffect finaL : public Effect
      |       ^
D:\Dev\cerid\engine\shader\src\runtime.cpp:248:26: error: expected ';' after top level declarator [clang-diagnostic-error]
  248 | class StoredEffect finaL : public Effect
      |                          ^
      |                          ;
D:\Dev\cerid\engine\shader\src\runtime.cpp:248:28: error: expected unqualified-id [clang-diagnostic-error]
  248 | class StoredEffect finaL : public Effect
      |                            ^
D:\Dev\cerid\engine\shader\src\runtime.cpp:280:20: warning: invalid case style for variable 'finaL' [readability-identifier-naming]
  280 | class StoredModule finaL : public Module
      |                    ^~~~~
      |                    fina_l
D:\Dev\cerid\engine\shader\src\runtime.cpp:280:20: error: redefinition of 'finaL' [clang-diagnostic-error]
D:\Dev\cerid\engine\shader\src\runtime.cpp:248:20: note: previous definition is here
  248 | class StoredEffect finaL : public Effect
      |                    ^
D:\Dev\cerid\engine\shader\src\runtime.cpp:280:26: error: expected ';' after top level declarator [clang-diagnostic-error]
  280 | class StoredModule finaL : public Module
      |                          ^
      |                          ;
D:\Dev\cerid\engine\shader\src\runtime.cpp:280:28: error: expected unqualified-id [clang-diagnostic-error]
  280 | class StoredModule finaL : public Module
      |                            ^
D:\Dev\cerid\engine\shader\src\runtime.cpp:349:72: error: unknown type name 'shaderc_optimization_leveL'; did you mean 'shaderc_optimization_level'? [clang-diagnostic-error]
  349 |     using OptionsSetOptimization = void (*)(shaderc_compile_options_t, shaderc_optimization_leveL);
      |                                                                        ^~~~~~~~~~~~~~~~~~~~~~~~~~
      |                                                                        shaderc_optimization_level
C:\VulkanSDK\1.4.341.1\Include\shaderc/shaderc.h:105:3: note: 'shaderc_optimization_level' declared here
  105 | } shaderc_optimization_level;
      |   ^
D:\Dev\cerid\engine\shader\src\runtime.cpp:397:20: warning: invalid case style for variable 'finaL' [readability-identifier-naming]
  397 | class LocalRuntime finaL : public Runtime
      |                    ^~~~~
      |                    fina_l
D:\Dev\cerid\engine\shader\src\runtime.cpp:397:20: error: redefinition of 'finaL' [clang-diagnostic-error]
D:\Dev\cerid\engine\shader\src\runtime.cpp:280:20: note: previous definition is here
  280 | class StoredModule finaL : public Module
      |                    ^
D:\Dev\cerid\engine\shader\src\runtime.cpp:397:26: error: expected ';' after top level declarator [clang-diagnostic-error]
  397 | class LocalRuntime finaL : public Runtime
      |                          ^
      |                          ;
D:\Dev\cerid\engine\shader\src\runtime.cpp:397:28: error: expected unqualified-id [clang-diagnostic-error]
  397 | class LocalRuntime finaL : public Runtime
      |                            ^
D:\Dev\cerid\engine\shader\src\runtime.cpp:856:12: error: no viable conversion from returned value of type 'unique_ptr<crd::shader::(anonymous namespace)::LocalRuntime>' to function return type 'unique_ptr<Runtime>' [clang-diagnostic-error]
  856 |     return std::make_unique<LocalRuntime>();
      |            ^~~~~~~~~~~~~~~~~~~~~~~~~~~~~~~~
C:\Program Files\Microsoft Visual Studio\18\Community\VC\Tools\MSVC\14.50.35717\include\memory:3389:15: note: candidate constructor template not viable: no known conversion from 'unique_ptr<crd::shader::(anonymous namespace)::LocalRuntime>' to 'nullptr_t' (aka 'std::nullptr_t') for 1st argument
 3389 |     constexpr unique_ptr(nullptr_t) noexcept : _Mypair(_Zero_then_variadic_args_t{}) {}
      |               ^          ~~~~~~~~~
C:\Program Files\Microsoft Visual Studio\18\Community\VC\Tools\MSVC\14.50.35717\include\memory:3414:18: note: candidate constructor template not viable: no known conversion from 'unique_ptr<crd::shader::(anonymous namespace)::LocalRuntime>' to 'unique_ptr<crd::shader::Runtime> &&' for 1st argument
 3414 |     _CONSTEXPR23 unique_ptr(unique_ptr&& _Right) noexcept
      |                  ^          ~~~~~~~~~~~~~~~~~~~
C:\Program Files\Microsoft Visual Studio\18\Community\VC\Tools\MSVC\14.50.35717\include\memory:3504:5: note: candidate constructor not viable: no known conversion from 'unique_ptr<crd::shader::(anonymous namespace)::LocalRuntime>' to 'const unique_ptr<crd::shader::Runtime> &' for 1st argument
 3504 |     unique_ptr(const unique_ptr&)            = delete;
      |     ^          ~~~~~~~~~~~~~~~~~
C:\Program Files\Microsoft Visual Studio\18\Community\VC\Tools\MSVC\14.50.35717\include\memory:3422:18: note: candidate template ignored: requirement 'conjunction_v<std::negation<std::is_array<crd::shader::(anonymous namespace)::LocalRuntime>>, std::is_convertible<crd::shader::(anonymous namespace)::LocalRuntime *, crd::shader::Runtime *>, std::is_convertible<std::default_delete<crd::shader::(anonymous namespace)::LocalRuntime>, std::default_delete<crd::shader::Runtime>>>' was not satisfied [with _Ty2 = crd::shader::(anonymous namespace)::LocalRuntime, _Dx2 = std::default_delete<crd::shader::(anonymous namespace)::LocalRuntime>]
 3422 |     _CONSTEXPR23 unique_ptr(unique_ptr<_Ty2, _Dx2>&& _Right) noexcept
      |                  ^
C:\Program Files\Microsoft Visual Studio\18\Community\VC\Tools\MSVC\14.50.35717\include\memory:3399:27: note: explicit constructor is not a candidate
 3399 |     _CONSTEXPR23 explicit unique_ptr(pointer _Ptr) noexcept : _Mypair(_Zero_then_variadic_args_t{}, _Ptr) {}
      |                           ^
5132 warnings and 13 errors generated.
Error while processing D:\Dev\cerid\engine\shader\src\runtime.cpp.
Suppressed 5129 warnings (5129 in non-user code).
Use -header-filter=.* or leave it as default to display errors from all non-system headers. Use -system-headers to display errors from system headers as well.
Found compiler error(s).
[14/123] Building CXX object engine\renderer\CMakeFiles\crd-renderer.dir\src\forward_render_path.cpp.obj
FAILED: engine/renderer/CMakeFiles/crd-renderer.dir/src/forward_render_path.cpp.obj 
"C:\Program Files\CMake\bin\cmake.exe" -E __run_co_compile --tidy="C:/Program Files/LLVM/bin/clang-tidy.exe;--extra-arg-before=--driver-mode=cl" --source=D:\Dev\cerid\engine\renderer\src\forward_render_path.cpp -- C:\PROGRA~1\MICROS~1\18\COMMUN~1\VC\Tools\MSVC\1450~1.357\bin\Hostx64\x64\cl.exe  /nologo /TP  -ID:\Dev\cerid\engine\renderer\include -ID:\Dev\cerid\engine\core\include -ID:\Dev\cerid\build\win-tidy\engine\core\include -ID:\Dev\cerid\engine\math\include -ID:\Dev\cerid\engine\rhi\include -ID:\Dev\cerid\engine\memory\include -ID:\Dev\cerid\engine\log\include -ID:\Dev\cerid\engine\containers\include -ID:\Dev\cerid\engine\platform\include -ID:\Dev\cerid\engine\shader\include /DWIN32 /D_WINDOWS /EHsc /Ob0 /Od /RTC1 -std:c++20 -MDd -Zi /W4 /WX /permissive- /Zc:__cplusplus /utf-8 /EHsc /Zc:preprocessor /wd4723 /YuD:/Dev/cerid/build/win-tidy/engine/renderer/CMakeFiles/crd-renderer.dir/cmake_pch.hxx /FpD:/Dev/cerid/build/win-tidy/engine/renderer/CMakeFiles/crd-renderer.dir/.//cmake_pch.cxx.pch /FID:/Dev/cerid/build/win-tidy/engine/renderer/CMakeFiles/crd-renderer.dir/cmake_pch.hxx /showIncludes /Foengine\renderer\CMakeFiles\crd-renderer.dir\src\forward_render_path.cpp.obj /Fdengine\renderer\CMakeFiles\crd-renderer.dir\crd-renderer.pdb /FS -c D:\Dev\cerid\engine\renderer\src\forward_render_path.cpp
D:\Dev\cerid\engine\renderer\src\forward_render_path.cpp:131:45: error: no member named 'modeL' in 'crd::renderer::DrawItem' [clang-diagnostic-error]
  131 |                 const PerDrawPush push{item.modeL};
      |                                        ~~~~ ^
D:\Dev\cerid\engine\renderer\src\forward_render_path.cpp:185:49: error: no member named 'modeL' in 'crd::renderer::DrawItem' [clang-diagnostic-error]
  185 |                     const PerDrawPush push{item.modeL};
      |                                            ~~~~ ^
4873 warnings and 2 errors generated.
Error while processing D:\Dev\cerid\engine\renderer\src\forward_render_path.cpp.
Suppressed 4873 warnings (4872 in non-user code, 1 with check filters).
Use -header-filter=.* or leave it as default to display errors from all non-system headers. Use -system-headers to display errors from system headers as well.
Found compiler error(s).
[15/123] Building CXX object engine\renderer\CMakeFiles\crd-renderer.dir\src\material.cpp.obj
[16/123] Building CXX object engine\shader\CMakeFiles\crd-shader.dir\src\policy.cpp.obj
[17/123] Building CXX object engine\imgui\CMakeFiles\crd-imgui.dir\src\settings.cpp.obj
[18/123] Building CXX object engine\app\CMakeFiles\crd-app.dir\src\application.cpp.obj
FAILED: engine/app/CMakeFiles/crd-app.dir/src/application.cpp.obj 
"C:\Program Files\CMake\bin\cmake.exe" -E __run_co_compile --tidy="C:/Program Files/LLVM/bin/clang-tidy.exe;--extra-arg-before=--driver-mode=cl" --source=D:\Dev\cerid\engine\app\src\application.cpp -- C:\PROGRA~1\MICROS~1\18\COMMUN~1\VC\Tools\MSVC\1450~1.357\bin\Hostx64\x64\cl.exe  /nologo /TP  -ID:\Dev\cerid\engine\app\include -ID:\Dev\cerid\engine\core\include -ID:\Dev\cerid\build\win-tidy\engine\core\include -ID:\Dev\cerid\engine\containers\include -ID:\Dev\cerid\engine\log\include -ID:\Dev\cerid\engine\memory\include -ID:\Dev\cerid\engine\platform\include -ID:\Dev\cerid\engine\jobs\include /DWIN32 /D_WINDOWS /EHsc /Ob0 /Od /RTC1 -std:c++20 -MDd -Zi /W4 /WX /permissive- /Zc:__cplusplus /utf-8 /EHsc /Zc:preprocessor /YuD:/Dev/cerid/build/win-tidy/engine/app/CMakeFiles/crd-app.dir/cmake_pch.hxx /FpD:/Dev/cerid/build/win-tidy/engine/app/CMakeFiles/crd-app.dir/.//cmake_pch.cxx.pch /FID:/Dev/cerid/build/win-tidy/engine/app/CMakeFiles/crd-app.dir/cmake_pch.hxx /showIncludes /Foengine\app\CMakeFiles\crd-app.dir\src\application.cpp.obj /Fdengine\app\CMakeFiles\crd-app.dir\crd-app.pdb /FS -c D:\Dev\cerid\engine\app\src\application.cpp
error: too many errors emitted, stopping now [clang-diagnostic-error]
D:\Dev\cerid\engine\app\include\crd/app/event.hpp:29:5: error: unknown type name 'virtuaL' [clang-diagnostic-error]
   29 |     virtuaL ~Event() = default;
      |     ^
D:\Dev\cerid\engine\app\include\crd/app/event.hpp:31:19: error: unknown type name 'virtuaL' [clang-diagnostic-error]
   31 |     [[nodiscard]] virtuaL EventTypeId type_id() const noexcept = 0;
      |                   ^
D:\Dev\cerid\engine\app\include\crd/app/event.hpp:31:38: error: expected ';' at end of declaration list [clang-diagnostic-error]
   31 |     [[nodiscard]] virtuaL EventTypeId type_id() const noexcept = 0;
      |                                      ^
      |                                      ;
D:\Dev\cerid\engine\app\include\crd/app/event.hpp:32:19: error: unknown type name 'virtuaL' [clang-diagnostic-error]
   32 |     [[nodiscard]] virtuaL containers::StringView name() const noexcept = 0;
      |                   ^
D:\Dev\cerid\engine\app\include\crd/app/event.hpp:32:39: error: non-friend class member 'StringView' cannot have a qualified name [clang-diagnostic-error]
   32 |     [[nodiscard]] virtuaL containers::StringView name() const noexcept = 0;
      |                           ~~~~~~~~~~~~^
D:\Dev\cerid\engine\app\include\crd/app/event.hpp:32:49: error: expected ';' at end of declaration list [clang-diagnostic-error]
   32 |     [[nodiscard]] virtuaL containers::StringView name() const noexcept = 0;
      |                                                 ^
      |                                                 ;
D:\Dev\cerid\engine\app\include\crd/app/event.hpp:33:19: error: unknown type name 'virtuaL' [clang-diagnostic-error]
   33 |     [[nodiscard]] virtuaL crd::u32 categories() const noexcept = 0;
      |                   ^
D:\Dev\cerid\engine\app\include\crd/app/event.hpp:33:32: error: non-friend class member 'u32' cannot have a qualified name [clang-diagnostic-error]
   33 |     [[nodiscard]] virtuaL crd::u32 categories() const noexcept = 0;
      |                           ~~~~~^
D:\Dev\cerid\engine\app\include\crd/app/event.hpp:33:35: error: expected ';' at end of declaration list [clang-diagnostic-error]
   33 |     [[nodiscard]] virtuaL crd::u32 categories() const noexcept = 0;
      |                                   ^
      |                                   ;
D:\Dev\cerid\engine\app\include\crd/app/event.hpp:37:17: error: use of undeclared identifier 'categories' [clang-diagnostic-error]
   37 |         return (categories() & static_cast<crd::u32>(category)) != 0U;
      |                 ^~~~~~~~~~
D:\Dev\cerid\engine\app\include\crd/app/event.hpp:46:26: error: unknown type name 'EventTypeId'; did you mean '::crd::app::EventTypeId'? [clang-diagnostic-error]
   46 |     [[nodiscard]] static EventTypeId static_type_id() noexcept
      |                          ^~~~~~~~~~~
      |                          ::crd::app::EventTypeId
D:\Dev\cerid\engine\app\include\crd/app/event.hpp:8:7: note: '::crd::app::EventTypeId' declared here
    8 | using EventTypeId = const void*;
      |       ^
D:\Dev\cerid\engine\app\include\crd/app/event.hpp:52:19: error: unknown type name 'EventTypeId'; did you mean '::crd::app::EventTypeId'? [clang-diagnostic-error]
   52 |     [[nodiscard]] EventTypeId type_id() const noexcept finaL { return static_type_id(); }
      |                   ^~~~~~~~~~~
      |                   ::crd::app::EventTypeId
D:\Dev\cerid\engine\app\include\crd/app/event.hpp:8:7: note: '::crd::app::EventTypeId' declared here
    8 | using EventTypeId = const void*;
      |       ^
D:\Dev\cerid\engine\app\include\crd/app/event.hpp:52:55: error: expected ';' at end of declaration list [clang-diagnostic-error]
   52 |     [[nodiscard]] EventTypeId type_id() const noexcept finaL { return static_type_id(); }
      |                                                       ^
      |                                                       ;
D:\Dev\cerid\engine\app\src\application.cpp:164:37: error: non-const lvalue reference to type 'Event' cannot bind to a value of unrelated type 'KeyPressedEvent' [clang-diagnostic-error]
  164 |                 dispatch_propagated(event);
      |                                     ^~~~~
D:\Dev\cerid\engine\app\src\application.cpp:142:46: note: passing argument to parameter 'event' here
  142 | void Application::dispatch_propagated(Event& event)
      |                                              ^
D:\Dev\cerid\engine\app\src\application.cpp:170:37: error: non-const lvalue reference to type 'Event' cannot bind to a value of unrelated type 'KeyPressedEvent' [clang-diagnostic-error]
  170 |                 dispatch_propagated(event);
      |                                     ^~~~~
D:\Dev\cerid\engine\app\src\application.cpp:142:46: note: passing argument to parameter 'event' here
  142 | void Application::dispatch_propagated(Event& event)
      |                                              ^
D:\Dev\cerid\engine\app\src\application.cpp:176:37: error: non-const lvalue reference to type 'Event' cannot bind to a value of unrelated type 'KeyReleasedEvent' [clang-diagnostic-error]
  176 |                 dispatch_propagated(event);
      |                                     ^~~~~
D:\Dev\cerid\engine\app\src\application.cpp:142:46: note: passing argument to parameter 'event' here
  142 | void Application::dispatch_propagated(Event& event)
      |                                              ^
D:\Dev\cerid\engine\app\src\application.cpp:182:37: error: non-const lvalue reference to type 'Event' cannot bind to a value of unrelated type 'MouseButtonPressedEvent' [clang-diagnostic-error]
  182 |                 dispatch_propagated(event);
      |                                     ^~~~~
D:\Dev\cerid\engine\app\src\application.cpp:142:46: note: passing argument to parameter 'event' here
  142 | void Application::dispatch_propagated(Event& event)
      |                                              ^
D:\Dev\cerid\engine\app\src\application.cpp:188:37: error: non-const lvalue reference to type 'Event' cannot bind to a value of unrelated type 'MouseButtonReleasedEvent' [clang-diagnostic-error]
  188 |                 dispatch_propagated(event);
      |                                     ^~~~~
D:\Dev\cerid\engine\app\src\application.cpp:142:46: note: passing argument to parameter 'event' here
  142 | void Application::dispatch_propagated(Event& event)
      |                                              ^
D:\Dev\cerid\engine\app\src\application.cpp:194:37: error: non-const lvalue reference to type 'Event' cannot bind to a value of unrelated type 'MouseMovedEvent' [clang-diagnostic-error]
  194 |                 dispatch_propagated(event);
      |                                     ^~~~~
D:\Dev\cerid\engine\app\src\application.cpp:142:46: note: passing argument to parameter 'event' here
  142 | void Application::dispatch_propagated(Event& event)
      |                                              ^
4852 warnings and 20 errors generated.
Error while processing D:\Dev\cerid\engine\app\src\application.cpp.
Suppressed 4852 warnings (4848 in non-user code, 4 with check filters).
Use -header-filter=.* or leave it as default to display errors from all non-system headers. Use -system-headers to display errors from system headers as well.
Found compiler error(s).
[19/123] Building CXX object engine\math\CMakeFiles\crd-math.dir\src\math.cpp.obj
[20/123] Building CXX object engine\rhi-vulkan\CMakeFiles\crd-rhi-vulkan.dir\src\vulkan_backend.cpp.obj
FAILED: engine/rhi-vulkan/CMakeFiles/crd-rhi-vulkan.dir/src/vulkan_backend.cpp.obj 
"C:\Program Files\CMake\bin\cmake.exe" -E __run_co_compile --tidy="C:/Program Files/LLVM/bin/clang-tidy.exe;--extra-arg-before=--driver-mode=cl" --source=D:\Dev\cerid\engine\rhi-vulkan\src\vulkan_backend.cpp -- C:\PROGRA~1\MICROS~1\18\COMMUN~1\VC\Tools\MSVC\1450~1.357\bin\Hostx64\x64\cl.exe  /nologo /TP  -ID:\Dev\cerid\engine\rhi-vulkan\include -ID:\Dev\cerid\engine\rhi\include -ID:\Dev\cerid\engine\core\include -ID:\Dev\cerid\build\win-tidy\engine\core\include -ID:\Dev\cerid\engine\memory\include -ID:\Dev\cerid\engine\log\include -ID:\Dev\cerid\engine\containers\include -ID:\Dev\cerid\engine\platform\include -external:IC:\VulkanSDK\1.4.341.1\include -external:ID:\Dev\cerid\build\win-tidy\_deps\glfw-src\include -external:W0 /DWIN32 /D_WINDOWS /EHsc /Ob0 /Od /RTC1 -std:c++20 -MDd -Zi /W4 /WX /permissive- /Zc:__cplusplus /utf-8 /EHsc /Zc:preprocessor /YuD:/Dev/cerid/build/win-tidy/engine/rhi-vulkan/CMakeFiles/crd-rhi-vulkan.dir/cmake_pch.hxx /FpD:/Dev/cerid/build/win-tidy/engine/rhi-vulkan/CMakeFiles/crd-rhi-vulkan.dir/.//cmake_pch.cxx.pch /FID:/Dev/cerid/build/win-tidy/engine/rhi-vulkan/CMakeFiles/crd-rhi-vulkan.dir/cmake_pch.hxx /showIncludes /Foengine\rhi-vulkan\CMakeFiles\crd-rhi-vulkan.dir\src\vulkan_backend.cpp.obj /Fdengine\rhi-vulkan\CMakeFiles\crd-rhi-vulkan.dir\crd-rhi-vulkan.pdb /FS -c D:\Dev\cerid\engine\rhi-vulkan\src\vulkan_backend.cpp
error: too many errors emitted, stopping now [clang-diagnostic-error]
D:\Dev\cerid\engine\rhi-vulkan\src\vulkan_backend.cpp:225:21: warning: invalid case style for variable 'VKAPI_CAll' [readability-identifier-naming]
  225 | VKAPI_ATTR VkBool32 VKAPI_CAll debug_callback(VkDebugUtilsMessageSeverityFlagBitsEXT severity,
      |                     ^~~~~~~~~~
      |                     vkapi_c_all
D:\Dev\cerid\engine\rhi-vulkan\src\vulkan_backend.cpp:225:31: error: expected ';' after top level declarator [clang-diagnostic-error]
  225 | VKAPI_ATTR VkBool32 VKAPI_CAll debug_callback(VkDebugUtilsMessageSeverityFlagBitsEXT severity,
      |                               ^
      |                               ;
D:\Dev\cerid\engine\rhi-vulkan\src\vulkan_backend.cpp:397:19: warning: invalid case style for variable 'finaL' [readability-identifier-naming]
  397 | class VulkanImage finaL : public Image
      |                   ^~~~~
      |                   fina_l
D:\Dev\cerid\engine\rhi-vulkan\src\vulkan_backend.cpp:397:19: error: variable has incomplete type 'class VulkanImage' [clang-diagnostic-error]
D:\Dev\cerid\engine\rhi-vulkan\src\vulkan_backend.cpp:397:7: note: forward declaration of 'crd::rhi::(anonymous namespace)::VulkanImage'
  397 | class VulkanImage finaL : public Image
      |       ^
D:\Dev\cerid\engine\rhi-vulkan\src\vulkan_backend.cpp:397:25: error: expected ';' after top level declarator [clang-diagnostic-error]
  397 | class VulkanImage finaL : public Image
      |                         ^
      |                         ;
D:\Dev\cerid\engine\rhi-vulkan\src\vulkan_backend.cpp:397:27: error: expected unqualified-id [clang-diagnostic-error]
  397 | class VulkanImage finaL : public Image
      |                           ^
D:\Dev\cerid\engine\rhi-vulkan\src\vulkan_backend.cpp:442:20: warning: invalid case style for variable 'finaL' [readability-identifier-naming]
  442 | class VulkanBuffer finaL : public Buffer
      |                    ^~~~~
      |                    fina_l
D:\Dev\cerid\engine\rhi-vulkan\src\vulkan_backend.cpp:442:20: error: redefinition of 'finaL' [clang-diagnostic-error]
D:\Dev\cerid\engine\rhi-vulkan\src\vulkan_backend.cpp:397:19: note: previous definition is here
  397 | class VulkanImage finaL : public Image
      |                   ^
D:\Dev\cerid\engine\rhi-vulkan\src\vulkan_backend.cpp:442:26: error: expected ';' after top level declarator [clang-diagnostic-error]
  442 | class VulkanBuffer finaL : public Buffer
      |                          ^
      |                          ;
D:\Dev\cerid\engine\rhi-vulkan\src\vulkan_backend.cpp:442:28: error: expected unqualified-id [clang-diagnostic-error]
  442 | class VulkanBuffer finaL : public Buffer
      |                            ^
D:\Dev\cerid\engine\rhi-vulkan\src\vulkan_backend.cpp:497:26: warning: invalid case style for variable 'finaL' [readability-identifier-naming]
  497 | class VulkanShaderModule finaL : public ShaderModule
      |                          ^~~~~
      |                          fina_l
D:\Dev\cerid\engine\rhi-vulkan\src\vulkan_backend.cpp:497:26: error: redefinition of 'finaL' [clang-diagnostic-error]
D:\Dev\cerid\engine\rhi-vulkan\src\vulkan_backend.cpp:442:20: note: previous definition is here
  442 | class VulkanBuffer finaL : public Buffer
      |                    ^
D:\Dev\cerid\engine\rhi-vulkan\src\vulkan_backend.cpp:497:32: error: expected ';' after top level declarator [clang-diagnostic-error]
  497 | class VulkanShaderModule finaL : public ShaderModule
      |                                ^
      |                                ;
D:\Dev\cerid\engine\rhi-vulkan\src\vulkan_backend.cpp:497:34: error: expected unqualified-id [clang-diagnostic-error]
  497 | class VulkanShaderModule finaL : public ShaderModule
      |                                  ^
D:\Dev\cerid\engine\rhi-vulkan\src\vulkan_backend.cpp:525:33: warning: invalid case style for variable 'finaL' [readability-identifier-naming]
  525 | class VulkanDescriptorSetLayout finaL : public DescriptorSetLayout
      |                                 ^~~~~
      |                                 fina_l
D:\Dev\cerid\engine\rhi-vulkan\src\vulkan_backend.cpp:525:33: error: redefinition of 'finaL' [clang-diagnostic-error]
D:\Dev\cerid\engine\rhi-vulkan\src\vulkan_backend.cpp:497:26: note: previous definition is here
  497 | class VulkanShaderModule finaL : public ShaderModule
      |                          ^
D:\Dev\cerid\engine\rhi-vulkan\src\vulkan_backend.cpp:525:39: error: expected ';' after top level declarator [clang-diagnostic-error]
  525 | class VulkanDescriptorSetLayout finaL : public DescriptorSetLayout
      |                                       ^
      |                                       ;
D:\Dev\cerid\engine\rhi-vulkan\src\vulkan_backend.cpp:525:41: error: expected unqualified-id [clang-diagnostic-error]
  525 | class VulkanDescriptorSetLayout finaL : public DescriptorSetLayout
      |                                         ^
D:\Dev\cerid\engine\rhi-vulkan\src\vulkan_backend.cpp:551:28: warning: invalid case style for variable 'finaL' [readability-identifier-naming]
  551 | class VulkanPipelineLayout finaL : public PipelineLayout
      |                            ^~~~~
      |                            fina_l
D:\Dev\cerid\engine\rhi-vulkan\src\vulkan_backend.cpp:551:28: error: redefinition of 'finaL' [clang-diagnostic-error]
D:\Dev\cerid\engine\rhi-vulkan\src\vulkan_backend.cpp:525:33: note: previous definition is here
  525 | class VulkanDescriptorSetLayout finaL : public DescriptorSetLayout
      |                                 ^
D:\Dev\cerid\engine\rhi-vulkan\src\vulkan_backend.cpp:551:34: error: expected ';' after top level declarator [clang-diagnostic-error]
  551 | class VulkanPipelineLayout finaL : public PipelineLayout
      |                                  ^
      |                                  ;
D:\Dev\cerid\engine\rhi-vulkan\src\vulkan_backend.cpp:551:36: error: expected unqualified-id [clang-diagnostic-error]
  551 | class VulkanPipelineLayout finaL : public PipelineLayout
      |                                    ^
D:\Dev\cerid\engine\rhi-vulkan\src\vulkan_backend.cpp:577:27: warning: invalid case style for variable 'finaL' [readability-identifier-naming]
  577 | class VulkanDescriptorSet finaL : public DescriptorSet
      |                           ^~~~~
      |                           fina_l
D:\Dev\cerid\engine\rhi-vulkan\src\vulkan_backend.cpp:577:27: error: redefinition of 'finaL' [clang-diagnostic-error]
D:\Dev\cerid\engine\rhi-vulkan\src\vulkan_backend.cpp:551:28: note: previous definition is here
  551 | class VulkanPipelineLayout finaL : public PipelineLayout
      |                            ^
D:\Dev\cerid\engine\rhi-vulkan\src\vulkan_backend.cpp:577:33: error: expected ';' after top level declarator [clang-diagnostic-error]
  577 | class VulkanDescriptorSet finaL : public DescriptorSet
      |                                 ^
      |                                 ;
D:\Dev\cerid\engine\rhi-vulkan\src\vulkan_backend.cpp:577:35: error: expected unqualified-id [clang-diagnostic-error]
  577 | class VulkanDescriptorSet finaL : public DescriptorSet
      |                                   ^
D:\Dev\cerid\engine\rhi-vulkan\src\vulkan_backend.cpp:635:33: warning: invalid case style for variable 'finaL' [readability-identifier-naming]
  635 | class VulkanDescriptorAllocator finaL : public DescriptorAllocator
      |                                 ^~~~~
      |                                 fina_l
D:\Dev\cerid\engine\rhi-vulkan\src\vulkan_backend.cpp:729:22: warning: invalid case style for variable 'finaL' [readability-identifier-naming]
  729 | class VulkanPipeline finaL : public Pipeline
      |                      ^~~~~
      |                      fina_l
D:\Dev\cerid\engine\rhi-vulkan\src\vulkan_backend.cpp:766:27: warning: invalid case style for variable 'finaL' [readability-identifier-naming]
  766 | class VulkanCommandBuffer finaL : public CommandBuffer
      |                           ^~~~~
      |                           fina_l
D:\Dev\cerid\engine\rhi-vulkan\src\vulkan_backend.cpp:981:23: warning: invalid case style for variable 'finaL' [readability-identifier-naming]
  981 | class VulkanSwapchain finaL : public Swapchain
      |                       ^~~~~
      |                       fina_l
D:\Dev\cerid\engine\rhi-vulkan\src\vulkan_backend.cpp:1104:19: warning: invalid case style for variable 'finaL' [readability-identifier-naming]
 1104 | class VulkanQueue finaL : public Queue
      |                   ^~~~~
      |                   fina_l
D:\Dev\cerid\engine\rhi-vulkan\src\vulkan_backend.cpp:1181:20: warning: invalid case style for variable 'finaL' [readability-identifier-naming]
 1181 | class VulkanDevice finaL : public Device
      |                    ^~~~~
      |                    fina_l
D:\Dev\cerid\engine\rhi-vulkan\src\vulkan_backend.cpp:1765:22: warning: invalid case style for variable 'finaL' [readability-identifier-naming]
 1765 | class VulkanInstance finaL : public Instance
      |                      ^~~~~
      |                      fina_l
10500 warnings and 20 errors generated.
Error while processing D:\Dev\cerid\engine\rhi-vulkan\src\vulkan_backend.cpp.
Suppressed 10486 warnings (10485 in non-user code, 1 with check filters).
Use -header-filter=.* or leave it as default to display errors from all non-system headers. Use -system-headers to display errors from system headers as well.
Found compiler error(s).
[21/123] Building CXX object engine\core\CMakeFiles\crd-core.dir\src\assert.cpp.obj
[22/123] Building CXX object engine\renderer\CMakeFiles\crd-renderer.dir\src\renderer.cpp.obj
[23/123] Building CXX object engine\log\CMakeFiles\crd-log.dir\src\sinks\file_sink.cpp.obj
[24/123] Building CXX object engine\memory\CMakeFiles\crd-memory.dir\src\allocators\pool_allocator.cpp.obj
[25/123] Building CXX object engine\memory\CMakeFiles\crd-memory.dir\src\allocators\malloc_allocator.cpp.obj
[26/123] Building CXX object engine\imgui\CMakeFiles\crd-imgui.dir\src\imgui_layer.cpp.obj
FAILED: engine/imgui/CMakeFiles/crd-imgui.dir/src/imgui_layer.cpp.obj 
"C:\Program Files\CMake\bin\cmake.exe" -E __run_co_compile --tidy="C:/Program Files/LLVM/bin/clang-tidy.exe;--extra-arg-before=--driver-mode=cl" --source=D:\Dev\cerid\engine\imgui\src\imgui_layer.cpp -- C:\PROGRA~1\MICROS~1\18\COMMUN~1\VC\Tools\MSVC\1450~1.357\bin\Hostx64\x64\cl.exe  /nologo /TP  -ID:\Dev\cerid\engine\imgui\include -ID:\Dev\cerid\build\win-tidy\_deps\imgui-src -ID:\Dev\cerid\build\win-tidy\_deps\imgui-src\backends -ID:\Dev\cerid\engine\app\include -ID:\Dev\cerid\engine\core\include -ID:\Dev\cerid\build\win-tidy\engine\core\include -ID:\Dev\cerid\engine\containers\include -ID:\Dev\cerid\engine\log\include -ID:\Dev\cerid\engine\memory\include -ID:\Dev\cerid\engine\platform\include -ID:\Dev\cerid\engine\jobs\include -ID:\Dev\cerid\engine\config\include -ID:\Dev\cerid\engine\math\include -ID:\Dev\cerid\engine\rhi\include -ID:\Dev\cerid\engine\rhi-vulkan\include -external:ID:\Dev\cerid\build\win-tidy\_deps\tomlplusplus-src\include -external:IC:\VulkanSDK\1.4.341.1\include -external:ID:\Dev\cerid\build\win-tidy\_deps\glfw-src\include -external:W0 /DWIN32 /D_WINDOWS /EHsc /Ob0 /Od /RTC1 -std:c++20 -MDd -Zi /W4 /WX /permissive- /Zc:__cplusplus /utf-8 /EHsc /Zc:preprocessor /wd4723 /YuD:/Dev/cerid/build/win-tidy/engine/imgui/CMakeFiles/crd-imgui.dir/cmake_pch.hxx /FpD:/Dev/cerid/build/win-tidy/engine/imgui/CMakeFiles/crd-imgui.dir/.//cmake_pch.cxx.pch /FID:/Dev/cerid/build/win-tidy/engine/imgui/CMakeFiles/crd-imgui.dir/cmake_pch.hxx /showIncludes /Foengine\imgui\CMakeFiles\crd-imgui.dir\src\imgui_layer.cpp.obj /Fdengine\imgui\CMakeFiles\crd-imgui.dir\crd-imgui.pdb /FS -c D:\Dev\cerid\engine\imgui\src\imgui_layer.cpp
error: too many errors emitted, stopping now [clang-diagnostic-error]
D:\Dev\cerid\engine\app\include\crd/app/event.hpp:29:5: error: unknown type name 'virtuaL' [clang-diagnostic-error]
   29 |     virtuaL ~Event() = default;
      |     ^
D:\Dev\cerid\engine\app\include\crd/app/event.hpp:31:19: error: unknown type name 'virtuaL' [clang-diagnostic-error]
   31 |     [[nodiscard]] virtuaL EventTypeId type_id() const noexcept = 0;
      |                   ^
D:\Dev\cerid\engine\app\include\crd/app/event.hpp:31:38: error: expected ';' at end of declaration list [clang-diagnostic-error]
   31 |     [[nodiscard]] virtuaL EventTypeId type_id() const noexcept = 0;
      |                                      ^
      |                                      ;
D:\Dev\cerid\engine\app\include\crd/app/event.hpp:32:19: error: unknown type name 'virtuaL' [clang-diagnostic-error]
   32 |     [[nodiscard]] virtuaL containers::StringView name() const noexcept = 0;
      |                   ^
D:\Dev\cerid\engine\app\include\crd/app/event.hpp:32:39: error: non-friend class member 'StringView' cannot have a qualified name [clang-diagnostic-error]
   32 |     [[nodiscard]] virtuaL containers::StringView name() const noexcept = 0;
      |                           ~~~~~~~~~~~~^
D:\Dev\cerid\engine\app\include\crd/app/event.hpp:32:49: error: expected ';' at end of declaration list [clang-diagnostic-error]
   32 |     [[nodiscard]] virtuaL containers::StringView name() const noexcept = 0;
      |                                                 ^
      |                                                 ;
D:\Dev\cerid\engine\app\include\crd/app/event.hpp:33:19: error: unknown type name 'virtuaL' [clang-diagnostic-error]
   33 |     [[nodiscard]] virtuaL crd::u32 categories() const noexcept = 0;
      |                   ^
D:\Dev\cerid\engine\app\include\crd/app/event.hpp:33:32: error: non-friend class member 'u32' cannot have a qualified name [clang-diagnostic-error]
   33 |     [[nodiscard]] virtuaL crd::u32 categories() const noexcept = 0;
      |                           ~~~~~^
D:\Dev\cerid\engine\app\include\crd/app/event.hpp:33:35: error: expected ';' at end of declaration list [clang-diagnostic-error]
   33 |     [[nodiscard]] virtuaL crd::u32 categories() const noexcept = 0;
      |                                   ^
      |                                   ;
D:\Dev\cerid\engine\app\include\crd/app/event.hpp:37:17: error: use of undeclared identifier 'categories' [clang-diagnostic-error]
   37 |         return (categories() & static_cast<crd::u32>(category)) != 0U;
      |                 ^~~~~~~~~~
D:\Dev\cerid\engine\app\include\crd/app/event.hpp:46:26: error: unknown type name 'EventTypeId'; did you mean '::crd::app::EventTypeId'? [clang-diagnostic-error]
   46 |     [[nodiscard]] static EventTypeId static_type_id() noexcept
      |                          ^~~~~~~~~~~
      |                          ::crd::app::EventTypeId
D:\Dev\cerid\engine\app\include\crd/app/event.hpp:8:7: note: '::crd::app::EventTypeId' declared here
    8 | using EventTypeId = const void*;
      |       ^
D:\Dev\cerid\engine\app\include\crd/app/event.hpp:52:19: error: unknown type name 'EventTypeId'; did you mean '::crd::app::EventTypeId'? [clang-diagnostic-error]
   52 |     [[nodiscard]] EventTypeId type_id() const noexcept finaL { return static_type_id(); }
      |                   ^~~~~~~~~~~
      |                   ::crd::app::EventTypeId
D:\Dev\cerid\engine\app\include\crd/app/event.hpp:8:7: note: '::crd::app::EventTypeId' declared here
    8 | using EventTypeId = const void*;
      |       ^
D:\Dev\cerid\engine\app\include\crd/app/event.hpp:52:55: error: expected ';' at end of declaration list [clang-diagnostic-error]
   52 |     [[nodiscard]] EventTypeId type_id() const noexcept finaL { return static_type_id(); }
      |                                                       ^
      |                                                       ;
D:\Dev\cerid\engine\app\include\crd/app/event_dispatcher.hpp:17:23: error: static assertion failed due to requirement 'std::is_base_of_v<crd::app::Event, crd::app::KeyPressedEvent>' [clang-diagnostic-error]
   17 |         static_assert(std::is_base_of_v<Event, EventType>);
      |                       ^~~~~~~~~~~~~~~~~~~~~~~~~~~~~~~~~~~
D:\Dev\cerid\engine\imgui\src\imgui_layer.cpp:292:22: note: in instantiation of function template specialization 'crd::app::EventDispatcher::dispatch<crd::app::KeyPressedEvent, (lambda at D:\Dev\cerid\engine\imgui\src\imgui_layer.cpp:293:9)>' requested here
  292 |     (void)dispatcher.dispatch<crd::app::KeyPressedEvent>(
      |                      ^
D:\Dev\cerid\engine\app\include\crd/app/event_dispatcher.hpp:17:23: error: static assertion failed due to requirement 'std::is_base_of_v<crd::app::Event, crd::app::KeyReleasedEvent>' [clang-diagnostic-error]
   17 |         static_assert(std::is_base_of_v<Event, EventType>);
      |                       ^~~~~~~~~~~~~~~~~~~~~~~~~~~~~~~~~~~
D:\Dev\cerid\engine\imgui\src\imgui_layer.cpp:306:22: note: in instantiation of function template specialization 'crd::app::EventDispatcher::dispatch<crd::app::KeyReleasedEvent, (lambda at D:\Dev\cerid\engine\imgui\src\imgui_layer.cpp:307:9)>' requested here
  306 |     (void)dispatcher.dispatch<crd::app::KeyReleasedEvent>(
      |                      ^
D:\Dev\cerid\engine\app\include\crd/app/event_dispatcher.hpp:17:23: error: static assertion failed due to requirement 'std::is_base_of_v<crd::app::Event, crd::app::MouseMovedEvent>' [clang-diagnostic-error]
   17 |         static_assert(std::is_base_of_v<Event, EventType>);
      |                       ^~~~~~~~~~~~~~~~~~~~~~~~~~~~~~~~~~~
D:\Dev\cerid\engine\imgui\src\imgui_layer.cpp:320:22: note: in instantiation of function template specialization 'crd::app::EventDispatcher::dispatch<crd::app::MouseMovedEvent, (lambda at D:\Dev\cerid\engine\imgui\src\imgui_layer.cpp:321:9)>' requested here
  320 |     (void)dispatcher.dispatch<crd::app::MouseMovedEvent>(
      |                      ^
D:\Dev\cerid\engine\app\include\crd/app/event_dispatcher.hpp:18:21: error: no member named 'type_id' in 'crd::app::Event' [clang-diagnostic-error]
   18 |         if (m_event.type_id() != EventType::static_type_id())
      |             ~~~~~~~ ^
D:\Dev\cerid\engine\app\include\crd/app/event_dispatcher.hpp:23:85: error: non-const lvalue reference to type 'crd::app::KeyPressedEvent' cannot bind to a value of unrelated type 'Event' [clang-diagnostic-error]
   23 |         m_event.handled = m_event.handled || static_cast<bool>(std::forward<Fn>(fn)(static_cast<EventType&>(m_event)));
      |                                                                                     ^                       ~~~~~~~
D:\Dev\cerid\engine\app\include\crd/app/event_dispatcher.hpp:23:85: error: non-const lvalue reference to type 'crd::app::KeyReleasedEvent' cannot bind to a value of unrelated type 'Event' [clang-diagnostic-error]
   23 |         m_event.handled = m_event.handled || static_cast<bool>(std::forward<Fn>(fn)(static_cast<EventType&>(m_event)));
      |                                                                                     ^                       ~~~~~~~
13475 warnings and 20 errors generated.
Error while processing D:\Dev\cerid\engine\imgui\src\imgui_layer.cpp.
Suppressed 13475 warnings (13471 in non-user code, 4 with check filters).
Use -header-filter=.* or leave it as default to display errors from all non-system headers. Use -system-headers to display errors from system headers as well.
Found compiler error(s).
[27/123] Building CXX object engine\memory\CMakeFiles\crd-memory.dir\src\allocators\linear_allocator.cpp.obj
[28/123] Building CXX object engine\memory\CMakeFiles\crd-memory.dir\src\allocators\stack_allocator.cpp.obj
[29/123] Building CXX object engine\platform\CMakeFiles\crd-platform.dir\src\context.cpp.obj
[30/123] Building CXX object engine\log\CMakeFiles\crd-log.dir\src\logger.cpp.obj
[31/123] Building CXX object engine\log\CMakeFiles\crd-log.dir\src\sinks\console_sink.cpp.obj
[32/123] Building CXX object engine\platform\CMakeFiles\crd-platform.dir\src\window.cpp.obj
[33/123] Building CXX object engine\platform\CMakeFiles\crd-platform.dir\src\dynamic_library.cpp.obj
[34/123] Building CXX object engine\config\CMakeFiles\crd-config.dir\src\config.cpp.obj
[35/123] Building CXX object engine\platform\CMakeFiles\crd-platform.dir\src\filesystem.cpp.obj
ninja: build stopped: subcommand failed.
